mse_loss + 0.05 * ranking_loss + 0.05 * rm2_loss, lr 5e-4, batch 64
best ci + rm2

===== Fold: Train_1 =====
Epoch 1 | Train 1.0636 | Val 1.8527 | RMSE 1.3606 | R 0.3069 | CI 0.6532 | R2 -18.4822 | R2m 0.0934
✅ Saved BEST Train_1
Epoch 2 | Train 0.8476 | Val 0.7106 | RMSE 0.8451 | R 0.3673 | CI 0.6797 | R2 -7.2303 | R2m 0.1317
✅ Saved BEST Train_1
Epoch 3 | Train 0.8300 | Val 1.1006 | RMSE 1.0525 | R 0.3821 | CI 0.6738 | R2 -9.1467 | R2m 0.1431
✅ Saved BEST Train_1
Epoch 4 | Train 0.8203 | Val 0.6952 | RMSE 0.8362 | R 0.3621 | CI 0.6804 | R2 -6.9106 | R2m 0.1293
Epoch 5 | Train 0.7921 | Val 0.7017 | RMSE 0.8396 | R 0.4043 | CI 0.6917 | R2 -3.0769 | R2m 0.1593
✅ Saved BEST Train_1
Epoch 6 | Train 0.7656 | Val 0.6604 | RMSE 0.8151 | R 0.4169 | CI 0.6971 | R2 -3.8372 | R2m 0.1738
✅ Saved BEST Train_1
Epoch 7 | Train 0.8100 | Val 1.2637 | RMSE 1.1245 | R 0.4190 | CI 0.6956 | R2 -6.0504 | R2m 0.1751
Epoch 8 | Train 0.7905 | Val 0.6616 | RMSE 0.8158 | R 0.4137 | CI 0.6976 | R2 -3.5228 | R2m 0.1696
Epoch 9 | Train 0.7645 | Val 0.7245 | RMSE 0.8541 | R 0.4230 | CI 0.6968 | R2 -4.2440 | R2m 0.1774
✅ Saved BEST Train_1
Epoch 10 | Train 0.7790 | Val 0.7100 | RMSE 0.8445 | R 0.3791 | CI 0.6885 | R2 -6.3487 | R2m 0.1405
Epoch 11 | Train 0.7858 | Val 0.7183 | RMSE 0.8494 | R 0.3536 | CI 0.6792 | R2 -4.8760 | R2m 0.1233
Epoch 12 | Train 0.7752 | Val 0.6556 | RMSE 0.8121 | R 0.4228 | CI 0.6914 | R2 -3.9008 | R2m 0.1775
Epoch 13 | Train 0.7760 | Val 0.7635 | RMSE 0.8766 | R 0.4230 | CI 0.6919 | R2 -5.5975 | R2m 0.1771
Epoch 14 | Train 0.7566 | Val 0.6901 | RMSE 0.8334 | R 0.4412 | CI 0.6983 | R2 -3.1143 | R2m 0.1902
✅ Saved BEST Train_1
Epoch 15 | Train 0.7411 | Val 0.6474 | RMSE 0.8070 | R 0.4407 | CI 0.7010 | R2 -2.2192 | R2m 0.1863
Epoch 16 | Train 0.7322 | Val 0.6759 | RMSE 0.8247 | R 0.4348 | CI 0.6971 | R2 -3.3516 | R2m 0.1866
Epoch 17 | Train 0.7318 | Val 0.7396 | RMSE 0.8618 | R 0.4381 | CI 0.7082 | R2 -1.7210 | R2m 0.1783
Epoch 18 | Train 0.7184 | Val 0.6606 | RMSE 0.8154 | R 0.4487 | CI 0.7072 | R2 -2.1845 | R2m 0.1918
✅ Saved BEST Train_1
Epoch 19 | Train 0.7292 | Val 0.6554 | RMSE 0.8119 | R 0.4311 | CI 0.7062 | R2 -2.0667 | R2m 0.1763
Epoch 20 | Train 0.7135 | Val 0.7107 | RMSE 0.8458 | R 0.4424 | CI 0.7022 | R2 -3.1922 | R2m 0.1905
Epoch 21 | Train 0.7172 | Val 0.6856 | RMSE 0.8297 | R 0.4469 | CI 0.7048 | R2 -2.7589 | R2m 0.1981
✅ Saved BEST Train_1
Epoch 22 | Train 0.7387 | Val 0.6512 | RMSE 0.8093 | R 0.4457 | CI 0.7088 | R2 -2.7456 | R2m 0.1949
✅ Saved BEST Train_1
Epoch 23 | Train 0.7072 | Val 0.6610 | RMSE 0.8150 | R 0.4409 | CI 0.6980 | R2 -2.3091 | R2m 0.1885
Epoch 24 | Train 0.7095 | Val 0.6567 | RMSE 0.8123 | R 0.4495 | CI 0.7037 | R2 -2.1623 | R2m 0.1959
Epoch 25 | Train 0.7121 | Val 0.6466 | RMSE 0.8065 | R 0.4457 | CI 0.7091 | R2 -2.2682 | R2m 0.1913
Epoch 26 | Train 0.7112 | Val 0.6413 | RMSE 0.8031 | R 0.4431 | CI 0.7064 | R2 -2.8271 | R2m 0.1945
Epoch 27 | Train 0.7139 | Val 0.6935 | RMSE 0.8355 | R 0.4527 | CI 0.7073 | R2 -2.5753 | R2m 0.1967
✅ Saved BEST Train_1
Epoch 28 | Train 0.7457 | Val 0.7384 | RMSE 0.8608 | R 0.4500 | CI 0.7111 | R2 -2.3688 | R2m 0.1967
✅ Saved BEST Train_1
Epoch 29 | Train 0.7026 | Val 0.7957 | RMSE 0.8949 | R 0.4546 | CI 0.7062 | R2 -3.8803 | R2m 0.2021
✅ Saved BEST Train_1
Epoch 30 | Train 0.7085 | Val 0.6390 | RMSE 0.8016 | R 0.4471 | CI 0.7027 | R2 -3.5003 | R2m 0.1967
Epoch 31 | Train 0.6956 | Val 0.8483 | RMSE 0.9224 | R 0.4640 | CI 0.7157 | R2 -2.2008 | R2m 0.2060
✅ Saved BEST Train_1
Epoch 32 | Train 0.6924 | Val 0.6552 | RMSE 0.8121 | R 0.4653 | CI 0.7148 | R2 -1.8548 | R2m 0.2041
Epoch 33 | Train 0.6901 | Val 0.6639 | RMSE 0.8174 | R 0.4655 | CI 0.7125 | R2 -2.5131 | R2m 0.2111
✅ Saved BEST Train_1
Epoch 34 | Train 0.6931 | Val 0.6349 | RMSE 0.7989 | R 0.4711 | CI 0.7172 | R2 -2.4948 | R2m 0.2213
✅ Saved BEST Train_1
Epoch 35 | Train 0.6981 | Val 0.8385 | RMSE 0.9163 | R 0.4615 | CI 0.7201 | R2 -2.5993 | R2m 0.2080
Epoch 36 | Train 0.6947 | Val 0.6892 | RMSE 0.8323 | R 0.3722 | CI 0.6899 | R2 -3.9631 | R2m 0.1353
Epoch 37 | Train 0.7551 | Val 0.6636 | RMSE 0.8162 | R 0.4136 | CI 0.6865 | R2 -3.2321 | R2m 0.1683
Epoch 38 | Train 0.7023 | Val 0.6319 | RMSE 0.7973 | R 0.4720 | CI 0.7154 | R2 -1.7836 | R2m 0.2123
Epoch 39 | Train 0.6858 | Val 0.6423 | RMSE 0.8035 | R 0.4777 | CI 0.7024 | R2 -1.6591 | R2m 0.2193
Epoch 40 | Train 0.6668 | Val 0.7651 | RMSE 0.8773 | R 0.4152 | CI 0.6827 | R2 -2.3211 | R2m 0.1574
Epoch 41 | Train 0.6493 | Val 0.5859 | RMSE 0.7676 | R 0.5161 | CI 0.7256 | R2 -1.5560 | R2m 0.2622
✅ Saved BEST Train_1
Epoch 42 | Train 0.6393 | Val 0.5914 | RMSE 0.7710 | R 0.5218 | CI 0.7348 | R2 -1.2705 | R2m 0.2644
✅ Saved BEST Train_1
Epoch 43 | Train 0.6379 | Val 0.6429 | RMSE 0.8042 | R 0.5300 | CI 0.7362 | R2 -2.2300 | R2m 0.2798
✅ Saved BEST Train_1
Epoch 44 | Train 0.6333 | Val 0.5750 | RMSE 0.7603 | R 0.5299 | CI 0.7339 | R2 -1.6106 | R2m 0.2792
Epoch 45 | Train 0.6298 | Val 0.6455 | RMSE 0.8059 | R 0.5158 | CI 0.7300 | R2 -1.8973 | R2m 0.2587
Epoch 46 | Train 0.6205 | Val 0.5704 | RMSE 0.7572 | R 0.5369 | CI 0.7353 | R2 -1.0896 | R2m 0.2773
Epoch 47 | Train 0.6254 | Val 0.6778 | RMSE 0.8248 | R 0.5187 | CI 0.7313 | R2 -1.9736 | R2m 0.2665
Epoch 48 | Train 0.6152 | Val 0.6024 | RMSE 0.7779 | R 0.5380 | CI 0.7324 | R2 -1.7410 | R2m 0.2827
Epoch 49 | Train 539.7698 | Val 0.6779 | RMSE 0.8259 | R 0.4373 | CI 0.6744 | R2 -1.1993 | R2m 0.1696
Epoch 50 | Train 0.8010 | Val 0.6294 | RMSE 0.7958 | R 0.4925 | CI 0.7234 | R2 -3.0628 | R2m 0.2360
Epoch 51 | Train 0.6656 | Val 0.5955 | RMSE 0.7741 | R 0.5075 | CI 0.7303 | R2 -2.5884 | R2m 0.2487
Epoch 52 | Train 0.6452 | Val 0.5853 | RMSE 0.7674 | R 0.5171 | CI 0.7338 | R2 -2.1365 | R2m 0.2611
Epoch 53 | Train 0.6381 | Val 0.5818 | RMSE 0.7651 | R 0.5205 | CI 0.7331 | R2 -1.5950 | R2m 0.2686
Epoch 54 | Train 0.6315 | Val 0.5768 | RMSE 0.7617 | R 0.5285 | CI 0.7393 | R2 -1.7816 | R2m 0.2746
Epoch 55 | Train 0.6269 | Val 0.5774 | RMSE 0.7621 | R 0.5304 | CI 0.7400 | R2 -2.2416 | R2m 0.2699
Epoch 56 | Train 0.6215 | Val 0.5704 | RMSE 0.7575 | R 0.5338 | CI 0.7410 | R2 -1.6043 | R2m 0.2830
✅ Saved BEST Train_1
Epoch 57 | Train 0.6155 | Val 0.5735 | RMSE 0.7595 | R 0.5360 | CI 0.7421 | R2 -1.7467 | R2m 0.2834
✅ Saved BEST Train_1
Epoch 58 | Train 0.6202 | Val 0.5699 | RMSE 0.7571 | R 0.5368 | CI 0.7432 | R2 -1.5070 | R2m 0.2866
✅ Saved BEST Train_1
Epoch 59 | Train 0.6171 | Val 0.5681 | RMSE 0.7560 | R 0.5385 | CI 0.7446 | R2 -1.8330 | R2m 0.2823
Epoch 60 | Train 0.6146 | Val 0.5673 | RMSE 0.7553 | R 0.5406 | CI 0.7459 | R2 -1.4187 | R2m 0.2915
✅ Saved BEST Train_1
Epoch 61 | Train 0.6107 | Val 0.5659 | RMSE 0.7545 | R 0.5401 | CI 0.7450 | R2 -1.5740 | R2m 0.2878
Epoch 62 | Train 0.6082 | Val 0.5631 | RMSE 0.7525 | R 0.5433 | CI 0.7468 | R2 -1.4122 | R2m 0.2951
✅ Saved BEST Train_1
Epoch 63 | Train 0.6085 | Val 0.5631 | RMSE 0.7525 | R 0.5433 | CI 0.7469 | R2 -1.3515 | R2m 0.2935
Epoch 64 | Train 0.6058 | Val 0.5632 | RMSE 0.7526 | R 0.5464 | CI 0.7488 | R2 -1.5071 | R2m 0.2963
✅ Saved BEST Train_1
Epoch 65 | Train 0.6046 | Val 0.5590 | RMSE 0.7498 | R 0.5471 | CI 0.7501 | R2 -1.3252 | R2m 0.2989
✅ Saved BEST Train_1
Epoch 66 | Train 0.6046 | Val 0.5589 | RMSE 0.7497 | R 0.5474 | CI 0.7487 | R2 -1.4501 | R2m 0.2967
Epoch 67 | Train 0.6077 | Val 0.5600 | RMSE 0.7505 | R 0.5485 | CI 0.7503 | R2 -1.2576 | R2m 0.2999
✅ Saved BEST Train_1
Epoch 68 | Train 0.5996 | Val 0.5591 | RMSE 0.7499 | R 0.5482 | CI 0.7512 | R2 -1.0841 | R2m 0.2928
Epoch 69 | Train 0.6006 | Val 0.5659 | RMSE 0.7543 | R 0.5495 | CI 0.7501 | R2 -1.2561 | R2m 0.3015
✅ Saved BEST Train_1
Epoch 70 | Train 0.5988 | Val 0.5569 | RMSE 0.7484 | R 0.5507 | CI 0.7512 | R2 -1.2999 | R2m 0.3025
✅ Saved BEST Train_1
Epoch 71 | Train 0.5994 | Val 0.5561 | RMSE 0.7477 | R 0.5517 | CI 0.7520 | R2 -1.4046 | R2m 0.3006
Epoch 72 | Train 0.6023 | Val 0.5540 | RMSE 0.7464 | R 0.5532 | CI 0.7522 | R2 -1.3467 | R2m 0.3042
✅ Saved BEST Train_1
Epoch 73 | Train 0.6036 | Val 0.5556 | RMSE 0.7475 | R 0.5529 | CI 0.7528 | R2 -1.0883 | R2m 0.3008
Epoch 74 | Train 0.5944 | Val 0.5571 | RMSE 0.7485 | R 0.5504 | CI 0.7513 | R2 -1.4650 | R2m 0.2993
Epoch 75 | Train 0.5919 | Val 0.5513 | RMSE 0.7446 | R 0.5563 | CI 0.7548 | R2 -1.1078 | R2m 0.3052
✅ Saved BEST Train_1
Epoch 76 | Train 0.5924 | Val 0.5501 | RMSE 0.7437 | R 0.5576 | CI 0.7549 | R2 -1.2839 | R2m 0.3086
✅ Saved BEST Train_1
Epoch 77 | Train 0.5910 | Val 0.5511 | RMSE 0.7444 | R 0.5570 | CI 0.7550 | R2 -1.0161 | R2m 0.3032
Epoch 78 | Train 0.5926 | Val 0.5504 | RMSE 0.7438 | R 0.5601 | CI 0.7563 | R2 -1.2052 | R2m 0.3122
✅ Saved BEST Train_1
Epoch 79 | Train 0.5951 | Val 0.5474 | RMSE 0.7419 | R 0.5615 | CI 0.7570 | R2 -1.3995 | R2m 0.3091
Epoch 80 | Train 0.5846 | Val 0.5479 | RMSE 0.7422 | R 0.5605 | CI 0.7561 | R2 -1.3259 | R2m 0.3094
Epoch 81 | Train 0.5854 | Val 0.5458 | RMSE 0.7407 | R 0.5623 | CI 0.7568 | R2 -1.1140 | R2m 0.3145
✅ Saved BEST Train_1
Epoch 82 | Train 0.5868 | Val 0.5478 | RMSE 0.7422 | R 0.5650 | CI 0.7577 | R2 -1.3545 | R2m 0.3145
✅ Saved BEST Train_1
Epoch 83 | Train 0.5839 | Val 0.5435 | RMSE 0.7392 | R 0.5669 | CI 0.7602 | R2 -1.2497 | R2m 0.3182
✅ Saved BEST Train_1
Epoch 84 | Train 0.5805 | Val 0.5449 | RMSE 0.7400 | R 0.5664 | CI 0.7601 | R2 -0.9886 | R2m 0.3172
Epoch 85 | Train 0.5793 | Val 0.5433 | RMSE 0.7390 | R 0.5677 | CI 0.7600 | R2 -1.1204 | R2m 0.3213
✅ Saved BEST Train_1
Epoch 86 | Train 0.5818 | Val 0.5398 | RMSE 0.7366 | R 0.5697 | CI 0.7600 | R2 -1.2885 | R2m 0.3176
Epoch 87 | Train 0.5761 | Val 0.5417 | RMSE 0.7379 | R 0.5681 | CI 0.7591 | R2 -1.3814 | R2m 0.3136
Epoch 88 | Train 0.5750 | Val 0.5404 | RMSE 0.7370 | R 0.5702 | CI 0.7608 | R2 -1.1926 | R2m 0.3203
Epoch 89 | Train 0.5706 | Val 0.5344 | RMSE 0.7328 | R 0.5753 | CI 0.7635 | R2 -1.1551 | R2m 0.3261
✅ Saved BEST Train_1
Epoch 90 | Train 0.5728 | Val 0.5534 | RMSE 0.7458 | R 0.5767 | CI 0.7646 | R2 -1.1175 | R2m 0.3296
✅ Saved BEST Train_1
Epoch 91 | Train 0.5713 | Val 0.5354 | RMSE 0.7336 | R 0.5777 | CI 0.7647 | R2 -1.0638 | R2m 0.3334
✅ Saved BEST Train_1
Epoch 92 | Train 0.5694 | Val 0.5341 | RMSE 0.7327 | R 0.5781 | CI 0.7666 | R2 -0.9608 | R2m 0.3310
Epoch 93 | Train 0.5676 | Val 0.5292 | RMSE 0.7293 | R 0.5819 | CI 0.7679 | R2 -0.9973 | R2m 0.3380
✅ Saved BEST Train_1
Epoch 94 | Train 0.5668 | Val 0.5278 | RMSE 0.7283 | R 0.5824 | CI 0.7683 | R2 -1.0413 | R2m 0.3353
Epoch 95 | Train 0.5649 | Val 0.5304 | RMSE 0.7300 | R 0.5824 | CI 0.7690 | R2 -0.8578 | R2m 0.3364
Epoch 96 | Train 0.5641 | Val 0.5302 | RMSE 0.7299 | R 0.5810 | CI 0.7665 | R2 -1.2471 | R2m 0.3277
Epoch 97 | Train 0.5607 | Val 0.5241 | RMSE 0.7257 | R 0.5878 | CI 0.7694 | R2 -1.0268 | R2m 0.3391
✅ Saved BEST Train_1
Epoch 98 | Train 0.5607 | Val 0.5275 | RMSE 0.7280 | R 0.5872 | CI 0.7711 | R2 -0.7202 | R2m 0.3336
Epoch 99 | Train 0.5625 | Val 0.5345 | RMSE 0.7328 | R 0.5832 | CI 0.7673 | R2 -0.8302 | R2m 0.3366
Epoch 100 | Train 0.5550 | Val 0.5180 | RMSE 0.7214 | R 0.5928 | CI 0.7729 | R2 -0.8944 | R2m 0.3493
✅ Saved BEST Train_1
Epoch 101 | Train 0.5514 | Val 0.5143 | RMSE 0.7188 | R 0.5975 | CI 0.7751 | R2 -0.9726 | R2m 0.3496
✅ Saved BEST Train_1
Epoch 102 | Train 0.5486 | Val 0.5173 | RMSE 0.7210 | R 0.5993 | CI 0.7756 | R2 -0.9723 | R2m 0.3536
✅ Saved BEST Train_1
Epoch 103 | Train 0.5468 | Val 0.5141 | RMSE 0.7188 | R 0.6007 | CI 0.7755 | R2 -0.9805 | R2m 0.3534
Epoch 104 | Train 0.5449 | Val 0.5135 | RMSE 0.7183 | R 0.6023 | CI 0.7761 | R2 -0.9398 | R2m 0.3567
✅ Saved BEST Train_1
Epoch 105 | Train 0.5435 | Val 0.5133 | RMSE 0.7182 | R 0.5991 | CI 0.7782 | R2 -0.5905 | R2m 0.3484
Epoch 106 | Train 0.5398 | Val 0.5054 | RMSE 0.7125 | R 0.6087 | CI 0.7820 | R2 -0.6753 | R2m 0.3705
✅ Saved BEST Train_1
Epoch 107 | Train 0.5416 | Val 0.4976 | RMSE 0.7069 | R 0.6151 | CI 0.7832 | R2 -0.8286 | R2m 0.3676
Epoch 108 | Train 0.5360 | Val 0.5051 | RMSE 0.7123 | R 0.6117 | CI 0.7838 | R2 -0.5731 | R2m 0.3697
✅ Saved BEST Train_1
Epoch 109 | Train 0.5290 | Val 0.5041 | RMSE 0.7115 | R 0.6159 | CI 0.7830 | R2 -0.5689 | R2m 0.3698
Epoch 110 | Train 0.5277 | Val 0.4989 | RMSE 0.7078 | R 0.6179 | CI 0.7831 | R2 -0.5988 | R2m 0.3815
✅ Saved BEST Train_1
Epoch 111 | Train 0.5267 | Val 0.4936 | RMSE 0.7040 | R 0.6243 | CI 0.7863 | R2 -0.5421 | R2m 0.3897
✅ Saved BEST Train_1
Epoch 112 | Train 0.5151 | Val 0.4978 | RMSE 0.7073 | R 0.6184 | CI 0.7840 | R2 -0.7595 | R2m 0.3771
Epoch 113 | Train 0.5096 | Val 0.4959 | RMSE 0.7057 | R 0.6310 | CI 0.7865 | R2 -0.6102 | R2m 0.3967
✅ Saved BEST Train_1
Epoch 114 | Train 0.5128 | Val 0.4832 | RMSE 0.6967 | R 0.6329 | CI 0.7903 | R2 -0.3520 | R2m 0.3851
Epoch 115 | Train 0.5092 | Val 0.4736 | RMSE 0.6896 | R 0.6387 | CI 0.7897 | R2 -0.5596 | R2m 0.4001
✅ Saved BEST Train_1
Epoch 116 | Train 0.5019 | Val 0.4655 | RMSE 0.6837 | R 0.6461 | CI 0.7954 | R2 -0.3721 | R2m 0.4155
✅ Saved BEST Train_1
Epoch 117 | Train 0.5003 | Val 0.4902 | RMSE 0.7018 | R 0.6288 | CI 0.7873 | R2 -0.5609 | R2m 0.3925
Epoch 118 | Train 0.4939 | Val 0.4713 | RMSE 0.6880 | R 0.6456 | CI 0.7926 | R2 -0.3784 | R2m 0.4102
Epoch 119 | Train 0.4911 | Val 0.4602 | RMSE 0.6798 | R 0.6527 | CI 0.7984 | R2 -0.3526 | R2m 0.4242
✅ Saved BEST Train_1
Epoch 120 | Train 0.4814 | Val 0.4533 | RMSE 0.6747 | R 0.6581 | CI 0.8000 | R2 -0.2894 | R2m 0.4320
✅ Saved BEST Train_1
Epoch 121 | Train 0.4815 | Val 0.4949 | RMSE 0.7050 | R 0.6547 | CI 0.7880 | R2 -0.8274 | R2m 0.4082
Epoch 122 | Train 0.4782 | Val 0.5165 | RMSE 0.7203 | R 0.6229 | CI 0.7787 | R2 -0.4307 | R2m 0.3778
Epoch 123 | Train 0.4785 | Val 0.4462 | RMSE 0.6692 | R 0.6667 | CI 0.7996 | R2 -0.2882 | R2m 0.4434
✅ Saved BEST Train_1
Epoch 124 | Train 0.4667 | Val 0.4427 | RMSE 0.6667 | R 0.6685 | CI 0.8028 | R2 -0.2181 | R2m 0.4431
✅ Saved BEST Train_1
Epoch 125 | Train 18097.6933 | Val 0.5274 | RMSE 0.7280 | R 0.5878 | CI 0.7539 | R2 -0.5992 | R2m 0.3314
Epoch 126 | Train 0.7417 | Val 0.6052 | RMSE 0.7800 | R 0.4927 | CI 0.7168 | R2 -2.0228 | R2m 0.2410
Epoch 127 | Train 0.6352 | Val 0.5764 | RMSE 0.7615 | R 0.5299 | CI 0.7332 | R2 -1.2702 | R2m 0.2727
Epoch 128 | Train 0.6096 | Val 0.5618 | RMSE 0.7517 | R 0.5439 | CI 0.7417 | R2 -1.3955 | R2m 0.2956
Epoch 129 | Train 0.5953 | Val 0.5574 | RMSE 0.7487 | R 0.5497 | CI 0.7452 | R2 -1.2603 | R2m 0.3012
Epoch 130 | Train 0.5871 | Val 0.5528 | RMSE 0.7456 | R 0.5544 | CI 0.7486 | R2 -1.1601 | R2m 0.3043
Epoch 131 | Train 0.5804 | Val 0.5512 | RMSE 0.7445 | R 0.5576 | CI 0.7493 | R2 -1.1958 | R2m 0.3092
Epoch 132 | Train 0.5761 | Val 0.5488 | RMSE 0.7428 | R 0.5590 | CI 0.7515 | R2 -1.1128 | R2m 0.3099
Epoch 133 | Train 0.5721 | Val 0.5465 | RMSE 0.7412 | R 0.5617 | CI 0.7527 | R2 -1.1144 | R2m 0.3140
Epoch 134 | Train 0.5738 | Val 0.5440 | RMSE 0.7396 | R 0.5641 | CI 0.7541 | R2 -1.1035 | R2m 0.3168
Epoch 135 | Train 1.6092 | Val 0.5426 | RMSE 0.7386 | R 0.5661 | CI 0.7550 | R2 -1.1009 | R2m 0.3202
Epoch 136 | Train 0.5957 | Val 0.5465 | RMSE 0.7413 | R 0.5621 | CI 0.7498 | R2 -1.3565 | R2m 0.3106
Epoch 137 | Train 0.5719 | Val 0.5452 | RMSE 0.7404 | R 0.5629 | CI 0.7518 | R2 -1.1435 | R2m 0.3164
Epoch 138 | Train 0.5733 | Val 0.5447 | RMSE 0.7400 | R 0.5634 | CI 0.7525 | R2 -1.1160 | R2m 0.3162
Epoch 139 | Train 0.5742 | Val 0.5440 | RMSE 0.7396 | R 0.5641 | CI 0.7530 | R2 -1.1526 | R2m 0.3181
Epoch 140 | Train 0.5706 | Val 0.5436 | RMSE 0.7394 | R 0.5646 | CI 0.7531 | R2 -1.1721 | R2m 0.3178
Epoch 141 | Train 0.5689 | Val 0.5435 | RMSE 0.7393 | R 0.5647 | CI 0.7531 | R2 -1.1820 | R2m 0.3176
Epoch 142 | Train 0.5679 | Val 0.5434 | RMSE 0.7392 | R 0.5649 | CI 0.7535 | R2 -1.1369 | R2m 0.3187
Epoch 143 | Train 0.5661 | Val 0.5430 | RMSE 0.7389 | R 0.5652 | CI 0.7535 | R2 -1.1434 | R2m 0.3190
Epoch 144 | Train 0.5665 | Val 0.5428 | RMSE 0.7388 | R 0.5655 | CI 0.7536 | R2 -1.1483 | R2m 0.3192
⛔ Early stopping triggered at epoch 144

===== Fold: Train_2 =====
Epoch 1 | Train 1.0895 | Val 1.0694 | RMSE 1.0347 | R 0.3089 | CI 0.6458 | R2 -29.1680 | R2m 0.0906
✅ Saved BEST Train_2
Epoch 2 | Train 0.8316 | Val 1.0040 | RMSE 1.0060 | R 0.3821 | CI 0.6758 | R2 -4.8417 | R2m 0.1365
✅ Saved BEST Train_2
Epoch 3 | Train 0.8093 | Val 0.7877 | RMSE 0.8911 | R 0.3924 | CI 0.6802 | R2 -6.9726 | R2m 0.1517
✅ Saved BEST Train_2
Epoch 4 | Train 0.7998 | Val 0.8839 | RMSE 0.9413 | R 0.3961 | CI 0.6827 | R2 -5.4112 | R2m 0.1553
✅ Saved BEST Train_2
Epoch 5 | Train 0.7723 | Val 0.8179 | RMSE 0.9081 | R 0.3758 | CI 0.6768 | R2 -6.6408 | R2m 0.1407
Epoch 6 | Train 0.7864 | Val 0.6946 | RMSE 0.8364 | R 0.4016 | CI 0.6723 | R2 -4.3849 | R2m 0.1609
Epoch 7 | Train 0.7637 | Val 0.9946 | RMSE 1.0011 | R 0.4257 | CI 0.6862 | R2 -7.1071 | R2m 0.1807
✅ Saved BEST Train_2
Epoch 8 | Train 0.7689 | Val 0.7169 | RMSE 0.8490 | R 0.4214 | CI 0.6840 | R2 -3.0468 | R2m 0.1748
Epoch 9 | Train 0.7580 | Val 0.7072 | RMSE 0.8439 | R 0.4105 | CI 0.6859 | R2 -10.8554 | R2m 0.1553
Epoch 10 | Train 0.7581 | Val 0.6797 | RMSE 0.8275 | R 0.4255 | CI 0.6855 | R2 -2.7769 | R2m 0.1762
Epoch 11 | Train 0.7529 | Val 0.7011 | RMSE 0.8398 | R 0.4049 | CI 0.6921 | R2 -3.1966 | R2m 0.1604
Epoch 12 | Train 0.7642 | Val 0.6866 | RMSE 0.8318 | R 0.4327 | CI 0.6849 | R2 -2.7186 | R2m 0.1815
Epoch 13 | Train 0.7409 | Val 0.7001 | RMSE 0.8391 | R 0.4239 | CI 0.6897 | R2 -6.0862 | R2m 0.1705
Epoch 14 | Train 0.7284 | Val 0.6585 | RMSE 0.8136 | R 0.4646 | CI 0.7100 | R2 -3.5088 | R2m 0.2087
✅ Saved BEST Train_2
Epoch 15 | Train 0.7076 | Val 0.6685 | RMSE 0.8207 | R 0.4520 | CI 0.7056 | R2 -3.6819 | R2m 0.2006
Epoch 16 | Train 0.7092 | Val 0.7036 | RMSE 0.8411 | R 0.4053 | CI 0.6968 | R2 -4.1589 | R2m 0.1636
Epoch 17 | Train 0.7373 | Val 0.6819 | RMSE 0.8287 | R 0.4296 | CI 0.6955 | R2 -4.4218 | R2m 0.1808
Epoch 18 | Train 0.7413 | Val 0.7068 | RMSE 0.8439 | R 0.4221 | CI 0.6914 | R2 -6.3149 | R2m 0.1708
Epoch 19 | Train 0.7304 | Val 0.7087 | RMSE 0.8440 | R 0.4312 | CI 0.6914 | R2 -4.1877 | R2m 0.1816
Epoch 20 | Train 0.7232 | Val 0.6914 | RMSE 0.8342 | R 0.4277 | CI 0.6954 | R2 -1.8702 | R2m 0.1715
Epoch 21 | Train 0.7101 | Val 0.6820 | RMSE 0.8290 | R 0.4464 | CI 0.7006 | R2 -4.6955 | R2m 0.1923
Epoch 22 | Train 0.7005 | Val 0.6847 | RMSE 0.8307 | R 0.4563 | CI 0.7020 | R2 -3.1489 | R2m 0.2074
Epoch 23 | Train 0.7015 | Val 0.6722 | RMSE 0.8222 | R 0.4518 | CI 0.6952 | R2 -2.4073 | R2m 0.2007
Epoch 24 | Train 0.7025 | Val 0.6619 | RMSE 0.8165 | R 0.4540 | CI 0.6891 | R2 -4.7521 | R2m 0.1957
Epoch 25 | Train 0.6976 | Val 0.6393 | RMSE 0.8021 | R 0.4771 | CI 0.7061 | R2 -2.8218 | R2m 0.2235
✅ Saved BEST Train_2
Epoch 26 | Train 0.6809 | Val 0.6475 | RMSE 0.8076 | R 0.4861 | CI 0.7130 | R2 -2.7960 | R2m 0.2329
✅ Saved BEST Train_2
Epoch 27 | Train 0.6810 | Val 0.6550 | RMSE 0.8122 | R 0.4581 | CI 0.6890 | R2 -2.2197 | R2m 0.2043
Epoch 28 | Train 0.6864 | Val 0.6483 | RMSE 0.8074 | R 0.4826 | CI 0.7072 | R2 -2.7180 | R2m 0.2277
Epoch 29 | Train 0.6698 | Val 0.6298 | RMSE 0.7965 | R 0.4912 | CI 0.7152 | R2 -2.4865 | R2m 0.2381
✅ Saved BEST Train_2
Epoch 30 | Train 0.6639 | Val 0.7033 | RMSE 0.8419 | R 0.4594 | CI 0.6891 | R2 -5.0044 | R2m 0.2019
Epoch 31 | Train 0.6797 | Val 0.6775 | RMSE 0.8263 | R 0.4636 | CI 0.6909 | R2 -4.0523 | R2m 0.2082
Epoch 32 | Train 0.6695 | Val 0.6403 | RMSE 0.8031 | R 0.4834 | CI 0.7061 | R2 -2.4469 | R2m 0.2334
Epoch 33 | Train 0.6649 | Val 0.6605 | RMSE 0.8159 | R 0.4900 | CI 0.7072 | R2 -2.5393 | R2m 0.2398
Epoch 34 | Train 0.6588 | Val 0.6167 | RMSE 0.7880 | R 0.5070 | CI 0.7288 | R2 -1.8205 | R2m 0.2548
✅ Saved BEST Train_2
Epoch 35 | Train 0.6525 | Val 0.6754 | RMSE 0.8247 | R 0.4381 | CI 0.6819 | R2 -5.1030 | R2m 0.1839
Epoch 36 | Train 0.6614 | Val 0.6412 | RMSE 0.8029 | R 0.5141 | CI 0.7283 | R2 -2.1230 | R2m 0.2582
✅ Saved BEST Train_2
Epoch 37 | Train 0.6504 | Val 0.6333 | RMSE 0.7983 | R 0.4910 | CI 0.6986 | R2 -3.3118 | R2m 0.2290
Epoch 38 | Train 0.6406 | Val 0.6253 | RMSE 0.7937 | R 0.5257 | CI 0.7339 | R2 -2.1324 | R2m 0.2725
✅ Saved BEST Train_2
Epoch 39 | Train 0.6328 | Val 0.5730 | RMSE 0.7596 | R 0.5560 | CI 0.7508 | R2 -1.6825 | R2m 0.2973
✅ Saved BEST Train_2
Epoch 40 | Train 0.6302 | Val 0.6339 | RMSE 0.7991 | R 0.4898 | CI 0.7077 | R2 -3.0380 | R2m 0.2318
Epoch 41 | Train 0.6858 | Val 0.6411 | RMSE 0.8037 | R 0.4893 | CI 0.7192 | R2 -1.4591 | R2m 0.2259
Epoch 42 | Train 0.6395 | Val 0.6243 | RMSE 0.7931 | R 0.5106 | CI 0.7343 | R2 -1.1621 | R2m 0.2438
Epoch 43 | Train 0.6258 | Val 0.5923 | RMSE 0.7722 | R 0.5407 | CI 0.7477 | R2 -1.3615 | R2m 0.2920
Epoch 44 | Train 0.6013 | Val 0.6045 | RMSE 0.7801 | R 0.5252 | CI 0.7373 | R2 -1.1045 | R2m 0.2617
Epoch 45 | Train 0.6137 | Val 0.5927 | RMSE 0.7723 | R 0.5499 | CI 0.7544 | R2 -1.3910 | R2m 0.2990
✅ Saved BEST Train_2
Epoch 46 | Train 0.5987 | Val 0.5619 | RMSE 0.7522 | R 0.5668 | CI 0.7655 | R2 -0.8999 | R2m 0.3137
✅ Saved BEST Train_2
Epoch 47 | Train 0.5843 | Val 0.5614 | RMSE 0.7519 | R 0.5818 | CI 0.7674 | R2 -1.5569 | R2m 0.3230
✅ Saved BEST Train_2
Epoch 48 | Train 0.5859 | Val 0.6400 | RMSE 0.8025 | R 0.5222 | CI 0.7288 | R2 -1.4944 | R2m 0.2616
Epoch 49 | Train 0.5703 | Val 0.5575 | RMSE 0.7493 | R 0.5868 | CI 0.7728 | R2 -1.4712 | R2m 0.3292
✅ Saved BEST Train_2
Epoch 50 | Train 0.5650 | Val 0.5080 | RMSE 0.7153 | R 0.6208 | CI 0.7925 | R2 -0.6024 | R2m 0.3853
✅ Saved BEST Train_2
Epoch 51 | Train 0.5468 | Val 0.5260 | RMSE 0.7276 | R 0.6112 | CI 0.7868 | R2 -1.0444 | R2m 0.3590
Epoch 52 | Train 0.5394 | Val 0.4999 | RMSE 0.7093 | R 0.6333 | CI 0.7991 | R2 -0.6339 | R2m 0.3947
✅ Saved BEST Train_2
Epoch 53 | Train 0.5371 | Val 0.6030 | RMSE 0.7792 | R 0.5997 | CI 0.7689 | R2 -1.3990 | R2m 0.3537
Epoch 54 | Train 0.5335 | Val 0.5197 | RMSE 0.7234 | R 0.6378 | CI 0.7958 | R2 -1.0566 | R2m 0.3817
Epoch 55 | Train 0.5157 | Val 0.5098 | RMSE 0.7164 | R 0.6263 | CI 0.7902 | R2 -0.8078 | R2m 0.3748
Epoch 56 | Train 0.5128 | Val 0.4854 | RMSE 0.6984 | R 0.6498 | CI 0.8027 | R2 -0.5358 | R2m 0.4134
✅ Saved BEST Train_2
Epoch 57 | Train 0.5004 | Val 0.5057 | RMSE 0.7128 | R 0.6301 | CI 0.7915 | R2 -0.4448 | R2m 0.3932
Epoch 58 | Train 0.4838 | Val 0.4830 | RMSE 0.6970 | R 0.6483 | CI 0.8048 | R2 -0.4767 | R2m 0.4153
✅ Saved BEST Train_2
Epoch 59 | Train 0.4864 | Val 0.4779 | RMSE 0.6929 | R 0.6533 | CI 0.8031 | R2 -0.6097 | R2m 0.4065
Epoch 60 | Train 0.4757 | Val 0.4971 | RMSE 0.7069 | R 0.6703 | CI 0.8182 | R2 -0.3781 | R2m 0.4429
✅ Saved BEST Train_2
Epoch 61 | Train 0.4603 | Val 0.4993 | RMSE 0.7088 | R 0.6311 | CI 0.8024 | R2 -0.3343 | R2m 0.3844
Epoch 62 | Train 0.4653 | Val 0.5043 | RMSE 0.7116 | R 0.6504 | CI 0.8027 | R2 -0.3455 | R2m 0.4066
Epoch 63 | Train 0.4582 | Val 0.4281 | RMSE 0.6562 | R 0.6968 | CI 0.8299 | R2 -0.2534 | R2m 0.4599
✅ Saved BEST Train_2
Epoch 64 | Train 0.4488 | Val 0.4881 | RMSE 0.7009 | R 0.6583 | CI 0.8005 | R2 -0.5118 | R2m 0.4264
Epoch 65 | Train 0.4478 | Val 0.4324 | RMSE 0.6596 | R 0.7090 | CI 0.8253 | R2 -0.0886 | R2m 0.4857
✅ Saved BEST Train_2
Epoch 66 | Train 0.4360 | Val 0.4247 | RMSE 0.6535 | R 0.6990 | CI 0.8214 | R2 -0.0396 | R2m 0.4879
Epoch 67 | Train 0.4349 | Val 0.5167 | RMSE 0.7215 | R 0.6325 | CI 0.7989 | R2 -0.2963 | R2m 0.3839
Epoch 68 | Train 0.4257 | Val 0.4530 | RMSE 0.6753 | R 0.6974 | CI 0.8136 | R2 -0.3583 | R2m 0.4658
Epoch 69 | Train 0.4223 | Val 0.4087 | RMSE 0.6412 | R 0.7129 | CI 0.8267 | R2 0.0427 | R2m 0.5081
✅ Saved BEST Train_2
Epoch 70 | Train 0.4140 | Val 0.4103 | RMSE 0.6425 | R 0.7120 | CI 0.8217 | R2 0.0810 | R2m 0.4985
Epoch 71 | Train 0.4015 | Val 0.3963 | RMSE 0.6316 | R 0.7216 | CI 0.8268 | R2 0.0830 | R2m 0.5200
✅ Saved BEST Train_2
Epoch 72 | Train 0.3905 | Val 0.4172 | RMSE 0.6479 | R 0.7071 | CI 0.8253 | R2 -0.0059 | R2m 0.4954
Epoch 73 | Train 0.3970 | Val 0.3841 | RMSE 0.6215 | R 0.7361 | CI 0.8353 | R2 0.1116 | R2m 0.5293
✅ Saved BEST Train_2
Epoch 74 | Train 0.3911 | Val 0.3949 | RMSE 0.6304 | R 0.7340 | CI 0.8375 | R2 0.0964 | R2m 0.5265
Epoch 75 | Train 0.3806 | Val 0.3983 | RMSE 0.6333 | R 0.7255 | CI 0.8326 | R2 0.0119 | R2m 0.5173
Epoch 76 | Train 0.3699 | Val 0.3998 | RMSE 0.6346 | R 0.7221 | CI 0.8276 | R2 0.0829 | R2m 0.5191
Epoch 77 | Train 0.3891 | Val 0.3930 | RMSE 0.6292 | R 0.7327 | CI 0.8320 | R2 0.1867 | R2m 0.5265
Epoch 78 | Train 0.3516 | Val 0.3878 | RMSE 0.6245 | R 0.7390 | CI 0.8311 | R2 -0.0003 | R2m 0.5224
Epoch 79 | Train 6047.0657 | Val 0.9983 | RMSE 1.0000 | R 0.4444 | CI 0.6905 | R2 -0.8103 | R2m 0.1645
Epoch 80 | Train 0.8916 | Val 0.6351 | RMSE 0.8001 | R 0.5113 | CI 0.7154 | R2 -1.8711 | R2m 0.2573
Epoch 81 | Train 0.6750 | Val 0.5928 | RMSE 0.7726 | R 0.5340 | CI 0.7345 | R2 -1.3176 | R2m 0.2812
Epoch 82 | Train 0.6422 | Val 0.5802 | RMSE 0.7646 | R 0.5510 | CI 0.7442 | R2 -1.4738 | R2m 0.3010
Epoch 83 | Train 0.6159 | Val 0.5675 | RMSE 0.7562 | R 0.5597 | CI 0.7480 | R2 -1.2045 | R2m 0.3131
Epoch 84 | Train 0.6053 | Val 0.5606 | RMSE 0.7516 | R 0.5708 | CI 0.7542 | R2 -1.3002 | R2m 0.3201
Epoch 85 | Train 0.5872 | Val 0.5493 | RMSE 0.7439 | R 0.5798 | CI 0.7577 | R2 -1.1517 | R2m 0.3290
Epoch 86 | Train 0.5693 | Val 0.5464 | RMSE 0.7420 | R 0.5902 | CI 0.7626 | R2 -1.1533 | R2m 0.3405
Epoch 87 | Train 0.5606 | Val 0.5499 | RMSE 0.7443 | R 0.5959 | CI 0.7680 | R2 -1.2165 | R2m 0.3446
Epoch 88 | Train 0.5537 | Val 0.5256 | RMSE 0.7275 | R 0.6047 | CI 0.7739 | R2 -0.9900 | R2m 0.3539
Epoch 89 | Train 0.5518 | Val 0.5217 | RMSE 0.7249 | R 0.6083 | CI 0.7761 | R2 -0.8793 | R2m 0.3619
Epoch 90 | Train 0.5453 | Val 0.5442 | RMSE 0.7405 | R 0.6116 | CI 0.7804 | R2 -0.9410 | R2m 0.3705
Epoch 91 | Train 0.5382 | Val 0.5137 | RMSE 0.7194 | R 0.6175 | CI 0.7810 | R2 -0.8425 | R2m 0.3707
Epoch 92 | Train 0.5315 | Val 0.5100 | RMSE 0.7168 | R 0.6195 | CI 0.7814 | R2 -0.8024 | R2m 0.3725
Epoch 93 | Train 0.5278 | Val 0.5118 | RMSE 0.7181 | R 0.6217 | CI 0.7838 | R2 -0.8355 | R2m 0.3750
⛔ Early stopping triggered at epoch 93

===== Fold: Train_3 =====
Epoch 1 | Train 1.1216 | Val 0.7327 | RMSE 0.8585 | R 0.2817 | CI 0.6529 | R2 -13.1143 | R2m 0.0784
✅ Saved BEST Train_3
Epoch 2 | Train 0.8380 | Val 1.2600 | RMSE 1.1269 | R 0.3317 | CI 0.6740 | R2 -14.4793 | R2m 0.1077
✅ Saved BEST Train_3
Epoch 3 | Train 0.8466 | Val 1.4181 | RMSE 1.1954 | R 0.3059 | CI 0.6659 | R2 -14.3754 | R2m 0.0895
Epoch 4 | Train 0.8262 | Val 0.7813 | RMSE 0.8856 | R 0.3685 | CI 0.6750 | R2 -5.8381 | R2m 0.1353
✅ Saved BEST Train_3
Epoch 5 | Train 0.8087 | Val 0.8498 | RMSE 0.9260 | R 0.3690 | CI 0.6850 | R2 -3.8990 | R2m 0.1263
✅ Saved BEST Train_3
Epoch 6 | Train 0.7669 | Val 0.7831 | RMSE 0.8890 | R 0.3677 | CI 0.6898 | R2 -4.3470 | R2m 0.1285
✅ Saved BEST Train_3
Epoch 7 | Train 0.7881 | Val 0.6265 | RMSE 0.7947 | R 0.4356 | CI 0.7032 | R2 -3.8491 | R2m 0.1870
✅ Saved BEST Train_3
Epoch 8 | Train 0.7793 | Val 0.6519 | RMSE 0.8099 | R 0.4340 | CI 0.7046 | R2 -1.9681 | R2m 0.1785
Epoch 9 | Train 0.7780 | Val 0.6570 | RMSE 0.8140 | R 0.4087 | CI 0.6969 | R2 -3.4410 | R2m 0.1633
Epoch 10 | Train 0.7536 | Val 0.7085 | RMSE 0.8444 | R 0.4361 | CI 0.6881 | R2 -1.6448 | R2m 0.1758
Epoch 11 | Train 0.7825 | Val 0.7613 | RMSE 0.8765 | R 0.3701 | CI 0.6907 | R2 -11.9669 | R2m 0.1315
Epoch 12 | Train 0.7705 | Val 0.6319 | RMSE 0.7982 | R 0.4276 | CI 0.6876 | R2 -2.7059 | R2m 0.1782
Epoch 13 | Train 0.7600 | Val 0.6369 | RMSE 0.8009 | R 0.4256 | CI 0.6920 | R2 -3.4619 | R2m 0.1810
Epoch 14 | Train 0.7415 | Val 0.7589 | RMSE 0.8751 | R 0.4187 | CI 0.6816 | R2 -4.3828 | R2m 0.1713
Epoch 15 | Train 0.7887 | Val 0.6539 | RMSE 0.8122 | R 0.4183 | CI 0.6937 | R2 -3.4664 | R2m 0.1721
Epoch 16 | Train 0.7547 | Val 0.6349 | RMSE 0.8002 | R 0.4293 | CI 0.6948 | R2 -3.6896 | R2m 0.1838
Epoch 17 | Train 0.7325 | Val 0.6349 | RMSE 0.8003 | R 0.4382 | CI 0.6977 | R2 -2.2680 | R2m 0.1834
Epoch 18 | Train 0.7332 | Val 0.6214 | RMSE 0.7914 | R 0.4438 | CI 0.6946 | R2 -2.4751 | R2m 0.1926
Epoch 19 | Train 0.7165 | Val 0.6133 | RMSE 0.7864 | R 0.4714 | CI 0.7063 | R2 -2.9761 | R2m 0.2201
✅ Saved BEST Train_3
Epoch 20 | Train 0.7157 | Val 0.6204 | RMSE 0.7905 | R 0.4466 | CI 0.6944 | R2 -2.2970 | R2m 0.1938
Epoch 21 | Train 0.7054 | Val 0.6355 | RMSE 0.8005 | R 0.4445 | CI 0.6934 | R2 -3.0361 | R2m 0.1953
Epoch 22 | Train 0.7114 | Val 0.5957 | RMSE 0.7748 | R 0.4827 | CI 0.7016 | R2 -1.5387 | R2m 0.2223
Epoch 23 | Train 0.6948 | Val 0.6284 | RMSE 0.7952 | R 0.4629 | CI 0.6935 | R2 -2.7100 | R2m 0.2133
Epoch 24 | Train 0.6860 | Val 0.6068 | RMSE 0.7820 | R 0.4676 | CI 0.7025 | R2 -2.3235 | R2m 0.2152
Epoch 25 | Train 0.6910 | Val 0.6121 | RMSE 0.7858 | R 0.4914 | CI 0.7108 | R2 -2.5189 | R2m 0.2412
✅ Saved BEST Train_3
Epoch 26 | Train 0.6826 | Val 0.5930 | RMSE 0.7727 | R 0.4907 | CI 0.7078 | R2 -1.7859 | R2m 0.2362
Epoch 27 | Train 0.6730 | Val 0.5847 | RMSE 0.7672 | R 0.5022 | CI 0.7166 | R2 -1.9737 | R2m 0.2512
✅ Saved BEST Train_3
Epoch 28 | Train 0.6599 | Val 0.6439 | RMSE 0.8061 | R 0.4806 | CI 0.7025 | R2 -2.8779 | R2m 0.2304
Epoch 29 | Train 0.6617 | Val 0.5858 | RMSE 0.7687 | R 0.5001 | CI 0.7153 | R2 -1.1249 | R2m 0.2328
Epoch 30 | Train 0.6595 | Val 0.6223 | RMSE 0.7924 | R 0.5068 | CI 0.7192 | R2 -2.0641 | R2m 0.2516
✅ Saved BEST Train_3
Epoch 31 | Train 0.6468 | Val 0.6645 | RMSE 0.8183 | R 0.5106 | CI 0.7258 | R2 -1.2123 | R2m 0.2455
✅ Saved BEST Train_3
Epoch 32 | Train 0.6456 | Val 0.5782 | RMSE 0.7638 | R 0.5271 | CI 0.7362 | R2 -1.0142 | R2m 0.2578
✅ Saved BEST Train_3
Epoch 33 | Train 0.6239 | Val 0.5718 | RMSE 0.7596 | R 0.5162 | CI 0.7369 | R2 -1.4174 | R2m 0.2606
✅ Saved BEST Train_3
Epoch 34 | Train 0.6226 | Val 0.5568 | RMSE 0.7495 | R 0.5274 | CI 0.7421 | R2 -1.4437 | R2m 0.2746
✅ Saved BEST Train_3
Epoch 35 | Train 0.5957 | Val 0.6651 | RMSE 0.8188 | R 0.5085 | CI 0.7327 | R2 -0.5406 | R2m 0.2214
Epoch 36 | Train 0.7082 | Val 0.6132 | RMSE 0.7867 | R 0.4899 | CI 0.7197 | R2 -2.3294 | R2m 0.2376
Epoch 37 | Train 0.6682 | Val 0.5704 | RMSE 0.7584 | R 0.5347 | CI 0.7411 | R2 -1.5065 | R2m 0.2848
✅ Saved BEST Train_3
Epoch 38 | Train 0.6493 | Val 0.5620 | RMSE 0.7527 | R 0.5482 | CI 0.7469 | R2 -1.1078 | R2m 0.2949
✅ Saved BEST Train_3
Epoch 39 | Train 0.6310 | Val 0.5745 | RMSE 0.7614 | R 0.5567 | CI 0.7525 | R2 -1.0937 | R2m 0.2946
✅ Saved BEST Train_3
Epoch 40 | Train 0.6057 | Val 0.5427 | RMSE 0.7399 | R 0.5516 | CI 0.7414 | R2 -0.7611 | R2m 0.2844
Epoch 41 | Train 0.6092 | Val 0.5246 | RMSE 0.7271 | R 0.5848 | CI 0.7652 | R2 -0.9800 | R2m 0.3385
✅ Saved BEST Train_3
Epoch 42 | Train 0.5857 | Val 0.5577 | RMSE 0.7501 | R 0.5502 | CI 0.7445 | R2 -1.6720 | R2m 0.2989
Epoch 43 | Train 0.5667 | Val 0.5088 | RMSE 0.7165 | R 0.5878 | CI 0.7624 | R2 -0.8425 | R2m 0.3403
Epoch 44 | Train 0.5537 | Val 0.5386 | RMSE 0.7370 | R 0.6018 | CI 0.7727 | R2 -0.3547 | R2m 0.3343
✅ Saved BEST Train_3
Epoch 45 | Train 0.5526 | Val 0.5226 | RMSE 0.7259 | R 0.5924 | CI 0.7629 | R2 -0.6773 | R2m 0.3431
Epoch 46 | Train 0.5374 | Val 0.4829 | RMSE 0.6980 | R 0.6119 | CI 0.7745 | R2 -0.7183 | R2m 0.3727
✅ Saved BEST Train_3
Epoch 47 | Train 0.5185 | Val 0.4700 | RMSE 0.6885 | R 0.6331 | CI 0.7950 | R2 -0.1809 | R2m 0.3727
✅ Saved BEST Train_3
Epoch 48 | Train 0.5103 | Val 0.4974 | RMSE 0.7084 | R 0.6360 | CI 0.7944 | R2 -0.6482 | R2m 0.3998
✅ Saved BEST Train_3
Epoch 49 | Train 0.5022 | Val 0.4728 | RMSE 0.6905 | R 0.6415 | CI 0.8042 | R2 -0.1176 | R2m 0.3696
Epoch 50 | Train 0.4941 | Val 0.4736 | RMSE 0.6913 | R 0.6251 | CI 0.7838 | R2 -0.4911 | R2m 0.3875
Epoch 51 | Train 0.4821 | Val 0.4422 | RMSE 0.6680 | R 0.6655 | CI 0.8132 | R2 0.0732 | R2m 0.3953
✅ Saved BEST Train_3
Epoch 52 | Train 0.4679 | Val 0.4403 | RMSE 0.6666 | R 0.6606 | CI 0.8100 | R2 -0.0222 | R2m 0.4021
✅ Saved BEST Train_3
Epoch 53 | Train 0.4695 | Val 0.4290 | RMSE 0.6579 | R 0.6688 | CI 0.8097 | R2 -0.0429 | R2m 0.4219
✅ Saved BEST Train_3
Epoch 54 | Train 0.4436 | Val 0.4566 | RMSE 0.6789 | R 0.6503 | CI 0.8037 | R2 -0.0135 | R2m 0.3814
Epoch 55 | Train 0.4457 | Val 0.4380 | RMSE 0.6648 | R 0.6712 | CI 0.8160 | R2 -0.0548 | R2m 0.4299
✅ Saved BEST Train_3
Epoch 56 | Train 0.4294 | Val 0.4310 | RMSE 0.6594 | R 0.6676 | CI 0.8129 | R2 -0.2255 | R2m 0.4393
✅ Saved BEST Train_3
Epoch 57 | Train 0.4267 | Val 0.4335 | RMSE 0.6611 | R 0.6661 | CI 0.8065 | R2 -0.2284 | R2m 0.4361
Epoch 58 | Train 0.4221 | Val 0.4355 | RMSE 0.6628 | R 0.6607 | CI 0.8038 | R2 -0.2687 | R2m 0.4354
Epoch 59 | Train 0.4054 | Val 0.4233 | RMSE 0.6536 | R 0.6938 | CI 0.8227 | R2 0.0228 | R2m 0.4456
✅ Saved BEST Train_3
Epoch 60 | Train 0.4035 | Val 0.4351 | RMSE 0.6626 | R 0.6825 | CI 0.8145 | R2 -0.0064 | R2m 0.4275
Epoch 61 | Train 0.3876 | Val 0.5015 | RMSE 0.7112 | R 0.6502 | CI 0.8046 | R2 -0.1636 | R2m 0.3734
Epoch 62 | Train 0.3960 | Val 0.3976 | RMSE 0.6335 | R 0.7049 | CI 0.8265 | R2 0.2219 | R2m 0.4453
✅ Saved BEST Train_3
Epoch 63 | Train 0.3661 | Val 0.3932 | RMSE 0.6299 | R 0.7105 | CI 0.8311 | R2 0.2631 | R2m 0.4435
✅ Saved BEST Train_3
Epoch 64 | Train 0.3669 | Val 0.3859 | RMSE 0.6240 | R 0.7172 | CI 0.8292 | R2 0.1576 | R2m 0.4794
✅ Saved BEST Train_3
Epoch 65 | Train 0.3569 | Val 0.4365 | RMSE 0.6636 | R 0.6818 | CI 0.8122 | R2 0.1480 | R2m 0.3995
Epoch 66 | Train 0.3590 | Val 0.3918 | RMSE 0.6288 | R 0.7167 | CI 0.8288 | R2 0.2708 | R2m 0.4470
Epoch 67 | Train 0.3322 | Val 0.3819 | RMSE 0.6208 | R 0.7298 | CI 0.8279 | R2 0.2493 | R2m 0.4771
Epoch 68 | Train 0.3321 | Val 0.3717 | RMSE 0.6124 | R 0.7258 | CI 0.8201 | R2 0.1802 | R2m 0.4990
✅ Saved BEST Train_3
Epoch 69 | Train 0.3167 | Val 0.3926 | RMSE 0.6292 | R 0.7297 | CI 0.8328 | R2 0.3507 | R2m 0.4585
Epoch 70 | Train 0.3181 | Val 0.3639 | RMSE 0.6059 | R 0.7317 | CI 0.8265 | R2 0.2881 | R2m 0.4920
Epoch 71 | Train 0.3116 | Val 0.3485 | RMSE 0.5927 | R 0.7470 | CI 0.8349 | R2 0.3676 | R2m 0.5005
✅ Saved BEST Train_3
Epoch 72 | Train 0.3076 | Val 0.3718 | RMSE 0.6124 | R 0.7226 | CI 0.8281 | R2 0.1743 | R2m 0.5033
Epoch 73 | Train 0.2895 | Val 0.3831 | RMSE 0.6214 | R 0.7372 | CI 0.8347 | R2 0.3394 | R2m 0.4826
Epoch 74 | Train 0.2826 | Val 0.3917 | RMSE 0.6282 | R 0.7482 | CI 0.8279 | R2 0.3814 | R2m 0.4851
Epoch 75 | Train 0.2908 | Val 0.3817 | RMSE 0.6207 | R 0.7185 | CI 0.8257 | R2 0.2667 | R2m 0.4608
Epoch 76 | Train 0.5205 | Val 0.3848 | RMSE 0.6231 | R 0.7141 | CI 0.8229 | R2 0.1465 | R2m 0.4788
Epoch 77 | Train 0.2734 | Val 0.3316 | RMSE 0.5784 | R 0.7586 | CI 0.8393 | R2 0.3770 | R2m 0.5298
✅ Saved BEST Train_3
Epoch 78 | Train 0.2690 | Val 0.3404 | RMSE 0.5861 | R 0.7551 | CI 0.8366 | R2 0.3516 | R2m 0.5212
Epoch 79 | Train 0.2783 | Val 0.3481 | RMSE 0.5925 | R 0.7454 | CI 0.8364 | R2 0.3008 | R2m 0.5264
Epoch 80 | Train 0.2998 | Val 0.3507 | RMSE 0.5947 | R 0.7447 | CI 0.8345 | R2 0.2164 | R2m 0.5378
✅ Saved BEST Train_3
Epoch 81 | Train 0.2451 | Val 0.3489 | RMSE 0.5930 | R 0.7523 | CI 0.8394 | R2 0.4253 | R2m 0.4867
Epoch 82 | Train 0.2426 | Val 0.3218 | RMSE 0.5697 | R 0.7650 | CI 0.8464 | R2 0.3664 | R2m 0.5544
✅ Saved BEST Train_3
Epoch 83 | Train 0.2729 | Val 0.3369 | RMSE 0.5829 | R 0.7606 | CI 0.8403 | R2 0.3886 | R2m 0.5339
Epoch 84 | Train 0.2262 | Val 0.3333 | RMSE 0.5796 | R 0.7631 | CI 0.8412 | R2 0.3642 | R2m 0.5357
Epoch 85 | Train 0.2247 | Val 0.3405 | RMSE 0.5860 | R 0.7569 | CI 0.8419 | R2 0.4197 | R2m 0.5005
Epoch 86 | Train 0.2370 | Val 0.3086 | RMSE 0.5579 | R 0.7787 | CI 0.8484 | R2 0.4583 | R2m 0.5535
✅ Saved BEST Train_3
Epoch 87 | Train 0.2093 | Val 0.3311 | RMSE 0.5776 | R 0.7701 | CI 0.8438 | R2 0.4387 | R2m 0.5362
Epoch 88 | Train 0.2048 | Val 0.3149 | RMSE 0.5635 | R 0.7749 | CI 0.8430 | R2 0.4499 | R2m 0.5410
Epoch 89 | Train 0.2467 | Val 0.3169 | RMSE 0.5653 | R 0.7770 | CI 0.8502 | R2 0.4893 | R2m 0.5268
Epoch 90 | Train 0.2048 | Val 0.3150 | RMSE 0.5636 | R 0.7744 | CI 0.8446 | R2 0.3871 | R2m 0.5654
✅ Saved BEST Train_3
Epoch 91 | Train 0.2019 | Val 0.3161 | RMSE 0.5646 | R 0.7719 | CI 0.8473 | R2 0.4025 | R2m 0.5552
Epoch 92 | Train 0.1884 | Val 0.3099 | RMSE 0.5591 | R 0.7791 | CI 0.8512 | R2 0.4732 | R2m 0.5449
Epoch 93 | Train 0.1827 | Val 0.3156 | RMSE 0.5641 | R 0.7776 | CI 0.8496 | R2 0.4760 | R2m 0.5397
Epoch 94 | Train 0.1766 | Val 0.3323 | RMSE 0.5787 | R 0.7701 | CI 0.8492 | R2 0.3452 | R2m 0.5543
Epoch 95 | Train 0.1812 | Val 0.3151 | RMSE 0.5636 | R 0.7699 | CI 0.8495 | R2 0.3458 | R2m 0.5777
✅ Saved BEST Train_3
Epoch 96 | Train 0.1723 | Val 0.3015 | RMSE 0.5514 | R 0.7851 | CI 0.8565 | R2 0.4839 | R2m 0.5595
Epoch 97 | Train 0.1717 | Val 0.3138 | RMSE 0.5624 | R 0.7788 | CI 0.8604 | R2 0.4413 | R2m 0.5493
Epoch 98 | Train 0.1675 | Val 0.2980 | RMSE 0.5483 | R 0.7846 | CI 0.8538 | R2 0.4203 | R2m 0.5910
✅ Saved BEST Train_3
Epoch 99 | Train 0.1831 | Val 0.3054 | RMSE 0.5550 | R 0.7870 | CI 0.8615 | R2 0.5203 | R2m 0.5394
Epoch 100 | Train 0.1619 | Val 0.3003 | RMSE 0.5504 | R 0.7835 | CI 0.8561 | R2 0.4471 | R2m 0.5777
Epoch 101 | Train 0.1621 | Val 0.3221 | RMSE 0.5699 | R 0.7741 | CI 0.8437 | R2 0.3778 | R2m 0.5594
Epoch 102 | Train 0.1644 | Val 0.3014 | RMSE 0.5514 | R 0.7841 | CI 0.8517 | R2 0.4699 | R2m 0.5652
Epoch 103 | Train 0.1595 | Val 0.2950 | RMSE 0.5454 | R 0.7948 | CI 0.8542 | R2 0.5308 | R2m 0.5612
Epoch 104 | Train 0.1454 | Val 0.2970 | RMSE 0.5472 | R 0.7947 | CI 0.8554 | R2 0.5007 | R2m 0.5633
Epoch 105 | Train 0.1234 | Val 0.2884 | RMSE 0.5393 | R 0.7958 | CI 0.8623 | R2 0.4761 | R2m 0.5919
✅ Saved BEST Train_3
Epoch 106 | Train 0.1212 | Val 0.2834 | RMSE 0.5346 | R 0.7987 | CI 0.8624 | R2 0.5029 | R2m 0.5983
✅ Saved BEST Train_3
Epoch 107 | Train 0.1197 | Val 0.2824 | RMSE 0.5336 | R 0.7997 | CI 0.8608 | R2 0.5150 | R2m 0.5871
Epoch 108 | Train 0.1193 | Val 0.2893 | RMSE 0.5400 | R 0.7940 | CI 0.8620 | R2 0.5005 | R2m 0.5787
Epoch 109 | Train 0.1152 | Val 0.2864 | RMSE 0.5374 | R 0.7979 | CI 0.8640 | R2 0.5250 | R2m 0.5732
Epoch 110 | Train 0.1144 | Val 0.2837 | RMSE 0.5350 | R 0.7969 | CI 0.8566 | R2 0.4895 | R2m 0.5965
Epoch 111 | Train 0.1152 | Val 0.3029 | RMSE 0.5526 | R 0.7861 | CI 0.8572 | R2 0.5035 | R2m 0.5476
Epoch 112 | Train 0.1117 | Val 0.2822 | RMSE 0.5335 | R 0.8020 | CI 0.8629 | R2 0.5437 | R2m 0.5782
Epoch 113 | Train 0.1032 | Val 0.2793 | RMSE 0.5307 | R 0.8033 | CI 0.8638 | R2 0.5411 | R2m 0.5824
Epoch 114 | Train 0.1008 | Val 0.2835 | RMSE 0.5348 | R 0.8024 | CI 0.8665 | R2 0.5268 | R2m 0.5793
Epoch 115 | Train 0.0987 | Val 0.2802 | RMSE 0.5316 | R 0.8034 | CI 0.8642 | R2 0.5377 | R2m 0.5807
Epoch 116 | Train 0.0992 | Val 0.2834 | RMSE 0.5346 | R 0.8008 | CI 0.8666 | R2 0.5211 | R2m 0.5817
Epoch 117 | Train 0.0986 | Val 0.2803 | RMSE 0.5317 | R 0.8029 | CI 0.8656 | R2 0.5245 | R2m 0.5873
Epoch 118 | Train 0.0960 | Val 0.2861 | RMSE 0.5372 | R 0.7990 | CI 0.8651 | R2 0.5349 | R2m 0.5689
Epoch 119 | Train 0.1469 | Val 0.2806 | RMSE 0.5320 | R 0.8026 | CI 0.8628 | R2 0.5381 | R2m 0.5799
Epoch 120 | Train 0.1427 | Val 0.2880 | RMSE 0.5389 | R 0.7966 | CI 0.8558 | R2 0.5208 | R2m 0.5718
Epoch 121 | Train 0.0993 | Val 0.2846 | RMSE 0.5356 | R 0.7998 | CI 0.8601 | R2 0.5305 | R2m 0.5745
Epoch 122 | Train 0.0966 | Val 0.2813 | RMSE 0.5326 | R 0.8016 | CI 0.8616 | R2 0.5277 | R2m 0.5833
Epoch 123 | Train 0.0926 | Val 0.2816 | RMSE 0.5329 | R 0.8013 | CI 0.8621 | R2 0.5330 | R2m 0.5807
Epoch 124 | Train 0.0908 | Val 0.2786 | RMSE 0.5300 | R 0.8034 | CI 0.8626 | R2 0.5370 | R2m 0.5859
Epoch 125 | Train 0.0894 | Val 0.2789 | RMSE 0.5303 | R 0.8035 | CI 0.8629 | R2 0.5370 | R2m 0.5847
Epoch 126 | Train 0.0880 | Val 0.2791 | RMSE 0.5305 | R 0.8036 | CI 0.8642 | R2 0.5399 | R2m 0.5829
⛔ Early stopping triggered at epoch 126

===== Fold: Train_4 =====
Epoch 1 | Train 1.0785 | Val 0.9165 | RMSE 0.9618 | R 0.3261 | CI 0.6508 | R2 -17.3655 | R2m 0.1034
✅ Saved BEST Train_4
Epoch 2 | Train 0.8521 | Val 1.3412 | RMSE 1.1576 | R 0.3071 | CI 0.6435 | R2 -65.4384 | R2m 0.0879
Epoch 3 | Train 0.9148 | Val 0.7498 | RMSE 0.8694 | R 0.3632 | CI 0.6677 | R2 -12.8387 | R2m 0.1251
✅ Saved BEST Train_4
Epoch 4 | Train 0.8111 | Val 0.8378 | RMSE 0.9195 | R 0.4094 | CI 0.6853 | R2 -8.1757 | R2m 0.1624
✅ Saved BEST Train_4
Epoch 5 | Train 0.7883 | Val 1.5375 | RMSE 1.2412 | R 0.3365 | CI 0.6506 | R2 -4.0371 | R2m 0.1041
Epoch 6 | Train 0.8130 | Val 0.6950 | RMSE 0.8362 | R 0.4210 | CI 0.6919 | R2 -5.1671 | R2m 0.1712
✅ Saved BEST Train_4
Epoch 7 | Train 0.7603 | Val 0.7390 | RMSE 0.8633 | R 0.4273 | CI 0.6948 | R2 -4.1243 | R2m 0.1818
✅ Saved BEST Train_4
Epoch 8 | Train 0.7675 | Val 0.9349 | RMSE 0.9711 | R 0.4126 | CI 0.6958 | R2 -7.3253 | R2m 0.1693
Epoch 9 | Train 0.7606 | Val 0.7210 | RMSE 0.8527 | R 0.4334 | CI 0.6930 | R2 -4.8408 | R2m 0.1839
✅ Saved BEST Train_4
Epoch 10 | Train 0.7640 | Val 0.7465 | RMSE 0.8668 | R 0.3300 | CI 0.6538 | R2 -9.8112 | R2m 0.1067
Epoch 11 | Train 0.8199 | Val 0.7365 | RMSE 0.8610 | R 0.3452 | CI 0.6630 | R2 -5.9220 | R2m 0.1186
Epoch 12 | Train 0.7816 | Val 0.6971 | RMSE 0.8372 | R 0.4283 | CI 0.6975 | R2 -4.4556 | R2m 0.1784
Epoch 13 | Train 0.7439 | Val 0.6684 | RMSE 0.8201 | R 0.4508 | CI 0.7050 | R2 -3.2469 | R2m 0.2006
✅ Saved BEST Train_4
Epoch 14 | Train 0.7423 | Val 0.6861 | RMSE 0.8317 | R 0.4404 | CI 0.7026 | R2 -2.6077 | R2m 0.1883
Epoch 15 | Train 0.7776 | Val 0.7516 | RMSE 0.8707 | R 0.4241 | CI 0.7006 | R2 -7.5697 | R2m 0.1708
Epoch 16 | Train 0.7829 | Val 0.7403 | RMSE 0.8617 | R 0.4382 | CI 0.7040 | R2 -5.1220 | R2m 0.1832
Epoch 17 | Train 0.7575 | Val 0.6803 | RMSE 0.8277 | R 0.4363 | CI 0.7052 | R2 -2.5655 | R2m 0.1850
Epoch 18 | Train 0.7405 | Val 0.8629 | RMSE 0.9297 | R 0.3359 | CI 0.6573 | R2 -7.9428 | R2m 0.1119
Epoch 19 | Train 0.7710 | Val 0.7410 | RMSE 0.8646 | R 0.4476 | CI 0.7091 | R2 -3.4485 | R2m 0.1975
✅ Saved BEST Train_4
Epoch 20 | Train 0.7262 | Val 0.6939 | RMSE 0.8351 | R 0.4407 | CI 0.7004 | R2 -3.6172 | R2m 0.1909
Epoch 21 | Train 0.7261 | Val 0.6666 | RMSE 0.8188 | R 0.4566 | CI 0.7104 | R2 -2.8014 | R2m 0.2079
✅ Saved BEST Train_4
Epoch 22 | Train 0.7129 | Val 0.6624 | RMSE 0.8169 | R 0.4580 | CI 0.7076 | R2 -2.8702 | R2m 0.2096
Epoch 23 | Train 0.7592 | Val 0.9290 | RMSE 0.9681 | R 0.4418 | CI 0.7077 | R2 -7.6440 | R2m 0.1896
Epoch 24 | Train 0.7357 | Val 0.6719 | RMSE 0.8225 | R 0.4433 | CI 0.6984 | R2 -2.7188 | R2m 0.1937
Epoch 25 | Train 0.7167 | Val 0.6745 | RMSE 0.8243 | R 0.4430 | CI 0.7002 | R2 -3.4179 | R2m 0.1949
Epoch 26 | Train 0.7355 | Val 0.6977 | RMSE 0.8373 | R 0.4461 | CI 0.7083 | R2 -2.7128 | R2m 0.1972
Epoch 27 | Train 0.7212 | Val 0.6922 | RMSE 0.8354 | R 0.4572 | CI 0.7049 | R2 -2.7521 | R2m 0.2051
Epoch 28 | Train 0.6907 | Val 0.6713 | RMSE 0.8215 | R 0.4612 | CI 0.7159 | R2 -1.8629 | R2m 0.2045
✅ Saved BEST Train_4
Epoch 29 | Train 0.6882 | Val 0.6716 | RMSE 0.8225 | R 0.4644 | CI 0.7085 | R2 -3.1779 | R2m 0.2135
✅ Saved BEST Train_4
Epoch 30 | Train 0.6872 | Val 0.6710 | RMSE 0.8222 | R 0.4693 | CI 0.7160 | R2 -2.0291 | R2m 0.2117
✅ Saved BEST Train_4
Epoch 31 | Train 0.6849 | Val 0.6767 | RMSE 0.8258 | R 0.4634 | CI 0.7110 | R2 -3.5921 | R2m 0.2102
Epoch 32 | Train 0.6825 | Val 0.6869 | RMSE 0.8310 | R 0.4459 | CI 0.7070 | R2 -2.1612 | R2m 0.1922
Epoch 33 | Train 0.6975 | Val 0.6587 | RMSE 0.8143 | R 0.4632 | CI 0.7090 | R2 -2.1732 | R2m 0.2091
Epoch 34 | Train 0.6847 | Val 0.6590 | RMSE 0.8147 | R 0.4663 | CI 0.7121 | R2 -2.4664 | R2m 0.2150
Epoch 35 | Train 0.6738 | Val 0.6873 | RMSE 0.8320 | R 0.4491 | CI 0.7027 | R2 -2.0674 | R2m 0.1914
Epoch 36 | Train 0.6769 | Val 0.6427 | RMSE 0.8044 | R 0.4808 | CI 0.7187 | R2 -2.1435 | R2m 0.2290
✅ Saved BEST Train_4
Epoch 37 | Train 0.6639 | Val 0.6544 | RMSE 0.8114 | R 0.4805 | CI 0.7157 | R2 -2.5515 | R2m 0.2278
Epoch 38 | Train 0.6602 | Val 0.6500 | RMSE 0.8083 | R 0.4933 | CI 0.7379 | R2 -1.8577 | R2m 0.2406
✅ Saved BEST Train_4
Epoch 39 | Train 0.6543 | Val 0.6915 | RMSE 0.8336 | R 0.4621 | CI 0.7082 | R2 -1.9284 | R2m 0.2062
Epoch 40 | Train 0.6551 | Val 0.6075 | RMSE 0.7822 | R 0.5232 | CI 0.7478 | R2 -1.7630 | R2m 0.2722
✅ Saved BEST Train_4
Epoch 41 | Train 0.6352 | Val 0.6220 | RMSE 0.7916 | R 0.5089 | CI 0.7467 | R2 -1.7024 | R2m 0.2551
Epoch 42 | Train 0.6343 | Val 0.6191 | RMSE 0.7887 | R 0.5289 | CI 0.7542 | R2 -1.3324 | R2m 0.2751
✅ Saved BEST Train_4
Epoch 43 | Train 0.6375 | Val 0.6146 | RMSE 0.7869 | R 0.5141 | CI 0.7380 | R2 -1.6511 | R2m 0.2620
Epoch 44 | Train 0.6244 | Val 0.5925 | RMSE 0.7728 | R 0.5429 | CI 0.7591 | R2 -0.9745 | R2m 0.2811
✅ Saved BEST Train_4
Epoch 45 | Train 0.6107 | Val 0.6444 | RMSE 0.8062 | R 0.5374 | CI 0.7530 | R2 -2.0961 | R2m 0.2852
Epoch 46 | Train 0.6153 | Val 0.5780 | RMSE 0.7633 | R 0.5576 | CI 0.7655 | R2 -1.2319 | R2m 0.3097
✅ Saved BEST Train_4
Epoch 47 | Train 0.6112 | Val 0.5777 | RMSE 0.7629 | R 0.5564 | CI 0.7603 | R2 -1.0503 | R2m 0.3042
Epoch 48 | Train 0.6023 | Val 0.5730 | RMSE 0.7600 | R 0.5633 | CI 0.7645 | R2 -1.0653 | R2m 0.3125
✅ Saved BEST Train_4
Epoch 49 | Train 0.5956 | Val 0.6209 | RMSE 0.7905 | R 0.5456 | CI 0.7658 | R2 -0.9851 | R2m 0.2869
Epoch 50 | Train 0.5844 | Val 0.6062 | RMSE 0.7821 | R 0.5543 | CI 0.7534 | R2 -1.2225 | R2m 0.2987
Epoch 51 | Train 0.5857 | Val 0.5907 | RMSE 0.7718 | R 0.5460 | CI 0.7424 | R2 -1.4548 | R2m 0.2977
Epoch 52 | Train 0.5744 | Val 0.6151 | RMSE 0.7865 | R 0.5412 | CI 0.7640 | R2 -0.8070 | R2m 0.2746
Epoch 53 | Train 0.5670 | Val 0.5496 | RMSE 0.7442 | R 0.5880 | CI 0.7904 | R2 -0.6030 | R2m 0.3316
✅ Saved BEST Train_4
Epoch 54 | Train 0.5574 | Val 0.5186 | RMSE 0.7231 | R 0.6169 | CI 0.7938 | R2 -0.6519 | R2m 0.3802
✅ Saved BEST Train_4
Epoch 55 | Train 0.5413 | Val 0.5783 | RMSE 0.7633 | R 0.5597 | CI 0.7693 | R2 -0.7457 | R2m 0.2968
Epoch 56 | Train 0.5259 | Val 0.5186 | RMSE 0.7234 | R 0.6323 | CI 0.8095 | R2 -0.2204 | R2m 0.3657
✅ Saved BEST Train_4
Epoch 57 | Train 0.5256 | Val 0.5239 | RMSE 0.7270 | R 0.6271 | CI 0.8020 | R2 -0.5246 | R2m 0.3826
✅ Saved BEST Train_4
Epoch 58 | Train 0.5178 | Val 0.5076 | RMSE 0.7152 | R 0.6278 | CI 0.8051 | R2 -0.6127 | R2m 0.3878
✅ Saved BEST Train_4
Epoch 59 | Train 0.5096 | Val 0.4701 | RMSE 0.6886 | R 0.6612 | CI 0.8161 | R2 -0.2019 | R2m 0.4271
✅ Saved BEST Train_4
Epoch 60 | Train 0.5176 | Val 0.5379 | RMSE 0.7368 | R 0.6453 | CI 0.8016 | R2 -0.7508 | R2m 0.4118
Epoch 61 | Train 0.4802 | Val 0.5142 | RMSE 0.7203 | R 0.6573 | CI 0.8075 | R2 -0.7192 | R2m 0.4176
Epoch 62 | Train 0.4801 | Val 0.4560 | RMSE 0.6784 | R 0.6840 | CI 0.8189 | R2 -0.3178 | R2m 0.4556
✅ Saved BEST Train_4
Epoch 63 | Train 0.4678 | Val 0.4957 | RMSE 0.7073 | R 0.6481 | CI 0.7937 | R2 -0.5823 | R2m 0.4112
Epoch 64 | Train 0.4621 | Val 0.4316 | RMSE 0.6599 | R 0.6963 | CI 0.8217 | R2 -0.1237 | R2m 0.4791
✅ Saved BEST Train_4
Epoch 65 | Train 0.4438 | Val 0.4275 | RMSE 0.6567 | R 0.7052 | CI 0.8204 | R2 0.0800 | R2m 0.4714
Epoch 66 | Train 0.4353 | Val 0.4561 | RMSE 0.6784 | R 0.6771 | CI 0.8075 | R2 -0.3253 | R2m 0.4464
Epoch 67 | Train 0.4246 | Val 0.4460 | RMSE 0.6709 | R 0.6923 | CI 0.8105 | R2 -0.4891 | R2m 0.4396
Epoch 68 | Train 0.4095 | Val 0.4054 | RMSE 0.6396 | R 0.7267 | CI 0.8345 | R2 0.2730 | R2m 0.4849
✅ Saved BEST Train_4
Epoch 69 | Train 0.4180 | Val 0.4042 | RMSE 0.6386 | R 0.7182 | CI 0.8288 | R2 0.0938 | R2m 0.5077
✅ Saved BEST Train_4
Epoch 70 | Train 0.3905 | Val 0.4574 | RMSE 0.6793 | R 0.6780 | CI 0.8021 | R2 -0.2612 | R2m 0.4559
Epoch 71 | Train 0.4166 | Val 0.3938 | RMSE 0.6303 | R 0.7406 | CI 0.8359 | R2 0.2546 | R2m 0.5268
✅ Saved BEST Train_4
Epoch 72 | Train 0.4036 | Val 0.4058 | RMSE 0.6399 | R 0.7247 | CI 0.8259 | R2 0.2990 | R2m 0.4668
Epoch 73 | Train 0.3933 | Val 0.3966 | RMSE 0.6323 | R 0.7447 | CI 0.8362 | R2 0.1372 | R2m 0.5433
✅ Saved BEST Train_4
Epoch 74 | Train 0.3751 | Val 0.3666 | RMSE 0.6081 | R 0.7561 | CI 0.8424 | R2 0.2868 | R2m 0.5458
✅ Saved BEST Train_4
Epoch 75 | Train 0.3620 | Val 0.3762 | RMSE 0.6160 | R 0.7528 | CI 0.8372 | R2 0.4126 | R2m 0.4892
Epoch 76 | Train 0.3606 | Val 0.4828 | RMSE 0.6975 | R 0.7216 | CI 0.8266 | R2 0.2664 | R2m 0.4537
Epoch 77 | Train 0.3602 | Val 0.4016 | RMSE 0.6364 | R 0.7204 | CI 0.8306 | R2 0.1155 | R2m 0.5105
Epoch 78 | Train 0.3472 | Val 0.4193 | RMSE 0.6501 | R 0.7554 | CI 0.8418 | R2 0.3493 | R2m 0.5170
Epoch 79 | Train 0.3488 | Val 0.3420 | RMSE 0.5874 | R 0.7696 | CI 0.8471 | R2 0.2602 | R2m 0.5795
✅ Saved BEST Train_4
Epoch 80 | Train 0.3285 | Val 0.4202 | RMSE 0.6510 | R 0.7097 | CI 0.8242 | R2 0.1729 | R2m 0.4715
Epoch 81 | Train 0.3262 | Val 0.3565 | RMSE 0.5997 | R 0.7743 | CI 0.8507 | R2 0.2688 | R2m 0.5918
✅ Saved BEST Train_4
Epoch 82 | Train 0.3251 | Val 0.3574 | RMSE 0.6004 | R 0.7614 | CI 0.8395 | R2 0.3358 | R2m 0.5606
Epoch 83 | Train 0.3344 | Val 0.4051 | RMSE 0.6393 | R 0.7287 | CI 0.8174 | R2 0.2328 | R2m 0.4866
Epoch 84 | Train 0.3199 | Val 0.3369 | RMSE 0.5830 | R 0.7776 | CI 0.8484 | R2 0.4399 | R2m 0.5629
Epoch 85 | Train 0.3104 | Val 0.3309 | RMSE 0.5771 | R 0.7799 | CI 0.8512 | R2 0.3518 | R2m 0.6038
✅ Saved BEST Train_4
Epoch 86 | Train 0.3017 | Val 0.3296 | RMSE 0.5767 | R 0.7805 | CI 0.8542 | R2 0.4486 | R2m 0.5664
Epoch 87 | Train 0.3107 | Val 0.3616 | RMSE 0.6037 | R 0.7599 | CI 0.8337 | R2 0.3181 | R2m 0.5625
Epoch 88 | Train 0.2956 | Val 0.3796 | RMSE 0.6188 | R 0.7723 | CI 0.8433 | R2 0.5004 | R2m 0.4940
Epoch 89 | Train 0.2917 | Val 0.3148 | RMSE 0.5631 | R 0.7924 | CI 0.8548 | R2 0.4481 | R2m 0.6099
✅ Saved BEST Train_4
Epoch 90 | Train 0.3015 | Val 0.3468 | RMSE 0.5912 | R 0.7734 | CI 0.8449 | R2 0.4023 | R2m 0.5680
Epoch 91 | Train 0.2816 | Val 0.3206 | RMSE 0.5686 | R 0.7857 | CI 0.8544 | R2 0.3374 | R2m 0.5981
Epoch 92 | Train 0.3002 | Val 0.3236 | RMSE 0.5711 | R 0.7878 | CI 0.8575 | R2 0.4204 | R2m 0.6081
✅ Saved BEST Train_4
Epoch 93 | Train 0.2754 | Val 0.3246 | RMSE 0.5721 | R 0.7820 | CI 0.8565 | R2 0.3850 | R2m 0.6010
Epoch 94 | Train 0.2718 | Val 0.3140 | RMSE 0.5627 | R 0.7903 | CI 0.8553 | R2 0.4374 | R2m 0.6044
Epoch 95 | Train 0.2757 | Val 0.3524 | RMSE 0.5960 | R 0.7977 | CI 0.8618 | R2 0.5109 | R2m 0.5650
Epoch 96 | Train 0.2701 | Val 0.3272 | RMSE 0.5744 | R 0.7870 | CI 0.8538 | R2 0.4760 | R2m 0.5735
Epoch 97 | Train 0.3144 | Val 0.3083 | RMSE 0.5577 | R 0.7943 | CI 0.8589 | R2 0.4430 | R2m 0.6156
✅ Saved BEST Train_4
Epoch 98 | Train 0.2616 | Val 0.3062 | RMSE 0.5558 | R 0.8006 | CI 0.8622 | R2 0.5308 | R2m 0.5773
Epoch 99 | Train 0.2436 | Val 0.3059 | RMSE 0.5555 | R 0.8034 | CI 0.8590 | R2 0.5311 | R2m 0.5787
Epoch 100 | Train 0.2490 | Val 0.3382 | RMSE 0.5837 | R 0.7935 | CI 0.8515 | R2 0.4778 | R2m 0.5853
Epoch 101 | Train 0.2627 | Val 0.3186 | RMSE 0.5668 | R 0.7905 | CI 0.8582 | R2 0.3856 | R2m 0.6187
✅ Saved BEST Train_4
Epoch 102 | Train 0.2557 | Val 0.3368 | RMSE 0.5827 | R 0.7851 | CI 0.8507 | R2 0.4731 | R2m 0.5660
Epoch 103 | Train 0.2454 | Val 0.2882 | RMSE 0.5392 | R 0.8106 | CI 0.8640 | R2 0.5347 | R2m 0.6187
✅ Saved BEST Train_4
Epoch 104 | Train 0.2396 | Val 0.2949 | RMSE 0.5451 | R 0.8044 | CI 0.8564 | R2 0.4723 | R2m 0.6371
✅ Saved BEST Train_4
Epoch 105 | Train 0.2485 | Val 0.3078 | RMSE 0.5573 | R 0.8052 | CI 0.8630 | R2 0.4739 | R2m 0.6113
Epoch 106 | Train 0.2353 | Val 0.3161 | RMSE 0.5641 | R 0.7937 | CI 0.8546 | R2 0.4114 | R2m 0.6271
Epoch 107 | Train 0.2242 | Val 0.2909 | RMSE 0.5418 | R 0.8105 | CI 0.8610 | R2 0.5154 | R2m 0.6216
Epoch 108 | Train 0.2249 | Val 0.2961 | RMSE 0.5466 | R 0.8088 | CI 0.8678 | R2 0.5666 | R2m 0.5832
Epoch 109 | Train 0.2255 | Val 0.3058 | RMSE 0.5554 | R 0.7999 | CI 0.8600 | R2 0.5054 | R2m 0.5907
Epoch 110 | Train 0.2193 | Val 0.2901 | RMSE 0.5410 | R 0.8089 | CI 0.8580 | R2 0.5033 | R2m 0.6296
Epoch 111 | Train 0.1966 | Val 0.2861 | RMSE 0.5372 | R 0.8121 | CI 0.8673 | R2 0.4842 | R2m 0.6517
✅ Saved BEST Train_4
Epoch 112 | Train 0.1845 | Val 0.2781 | RMSE 0.5297 | R 0.8204 | CI 0.8742 | R2 0.5769 | R2m 0.6159
Epoch 113 | Train 0.1832 | Val 0.2962 | RMSE 0.5466 | R 0.8083 | CI 0.8633 | R2 0.5500 | R2m 0.5994
Epoch 114 | Train 0.1806 | Val 0.2855 | RMSE 0.5367 | R 0.8171 | CI 0.8693 | R2 0.5730 | R2m 0.6009
Epoch 115 | Train 0.1778 | Val 0.2771 | RMSE 0.5287 | R 0.8235 | CI 0.8712 | R2 0.6069 | R2m 0.6076
Epoch 116 | Train 0.1811 | Val 0.2870 | RMSE 0.5381 | R 0.8145 | CI 0.8688 | R2 0.5549 | R2m 0.6210
Epoch 117 | Train 0.1795 | Val 0.2769 | RMSE 0.5285 | R 0.8184 | CI 0.8711 | R2 0.5495 | R2m 0.6374
Epoch 118 | Train 0.1633 | Val 0.2700 | RMSE 0.5218 | R 0.8240 | CI 0.8710 | R2 0.5538 | R2m 0.6524
✅ Saved BEST Train_4
Epoch 119 | Train 0.1605 | Val 0.2732 | RMSE 0.5251 | R 0.8247 | CI 0.8723 | R2 0.5548 | R2m 0.6447
Epoch 120 | Train 0.1630 | Val 0.2706 | RMSE 0.5224 | R 0.8229 | CI 0.8713 | R2 0.5643 | R2m 0.6461
Epoch 121 | Train 0.1605 | Val 0.2700 | RMSE 0.5220 | R 0.8237 | CI 0.8712 | R2 0.5629 | R2m 0.6461
Epoch 122 | Train 0.1576 | Val 0.2698 | RMSE 0.5217 | R 0.8245 | CI 0.8724 | R2 0.5790 | R2m 0.6360
Epoch 123 | Train 0.1568 | Val 0.2665 | RMSE 0.5185 | R 0.8275 | CI 0.8742 | R2 0.5992 | R2m 0.6336
Epoch 124 | Train 0.1540 | Val 0.2714 | RMSE 0.5233 | R 0.8268 | CI 0.8737 | R2 0.6125 | R2m 0.6092
Epoch 125 | Train 0.1484 | Val 0.2700 | RMSE 0.5219 | R 0.8246 | CI 0.8700 | R2 0.5770 | R2m 0.6365
Epoch 126 | Train 0.1477 | Val 0.2647 | RMSE 0.5168 | R 0.8279 | CI 0.8736 | R2 0.5903 | R2m 0.6427
Epoch 127 | Train 0.1482 | Val 0.2653 | RMSE 0.5174 | R 0.8283 | CI 0.8723 | R2 0.5985 | R2m 0.6343
Epoch 128 | Train 0.1477 | Val 0.2660 | RMSE 0.5180 | R 0.8270 | CI 0.8724 | R2 0.5882 | R2m 0.6429
Epoch 129 | Train 0.1508 | Val 0.2690 | RMSE 0.5210 | R 0.8249 | CI 0.8706 | R2 0.5710 | R2m 0.6432
Epoch 130 | Train 0.1759 | Val 0.2687 | RMSE 0.5207 | R 0.8250 | CI 0.8704 | R2 0.5810 | R2m 0.6382
Epoch 131 | Train 0.1453 | Val 0.2672 | RMSE 0.5192 | R 0.8268 | CI 0.8712 | R2 0.5837 | R2m 0.6393
Epoch 132 | Train 0.1427 | Val 0.2663 | RMSE 0.5184 | R 0.8282 | CI 0.8717 | R2 0.5939 | R2m 0.6341
Epoch 133 | Train 0.1423 | Val 0.2665 | RMSE 0.5186 | R 0.8279 | CI 0.8719 | R2 0.6046 | R2m 0.6289
Epoch 134 | Train 0.1421 | Val 0.2648 | RMSE 0.5169 | R 0.8278 | CI 0.8714 | R2 0.5880 | R2m 0.6437
Epoch 135 | Train 0.1427 | Val 0.2656 | RMSE 0.5177 | R 0.8277 | CI 0.8721 | R2 0.5959 | R2m 0.6376
Epoch 136 | Train 0.1399 | Val 0.2649 | RMSE 0.5170 | R 0.8284 | CI 0.8712 | R2 0.5916 | R2m 0.6399
Epoch 137 | Train 0.1388 | Val 0.2639 | RMSE 0.5161 | R 0.8287 | CI 0.8732 | R2 0.5927 | R2m 0.6422
Epoch 138 | Train 0.1395 | Val 0.2654 | RMSE 0.5175 | R 0.8284 | CI 0.8731 | R2 0.5965 | R2m 0.6352
⛔ Early stopping triggered at epoch 138

===== Fold: Train_5 =====
Epoch 1 | Train 1.1012 | Val 0.7640 | RMSE 0.8754 | R 0.2635 | CI 0.6280 | R2 -8.9754 | R2m 0.0683
✅ Saved BEST Train_5
Epoch 2 | Train 0.8696 | Val 0.7925 | RMSE 0.8914 | R 0.2900 | CI 0.6515 | R2 -7.9015 | R2m 0.0829
✅ Saved BEST Train_5
Epoch 3 | Train 0.8541 | Val 0.6747 | RMSE 0.8242 | R 0.3403 | CI 0.6714 | R2 -3.1326 | R2m 0.1085
✅ Saved BEST Train_5
Epoch 4 | Train 0.8253 | Val 0.7039 | RMSE 0.8422 | R 0.3007 | CI 0.6605 | R2 -5.3614 | R2m 0.0868
Epoch 5 | Train 0.8224 | Val 0.7130 | RMSE 0.8457 | R 0.3843 | CI 0.6799 | R2 -5.4869 | R2m 0.1462
✅ Saved BEST Train_5
Epoch 6 | Train 0.8042 | Val 0.6480 | RMSE 0.8078 | R 0.3625 | CI 0.6770 | R2 -7.8455 | R2m 0.1284
Epoch 7 | Train 0.7892 | Val 1.6553 | RMSE 1.2861 | R 0.3507 | CI 0.6725 | R2 -6.4901 | R2m 0.1165
Epoch 8 | Train 0.8075 | Val 0.6292 | RMSE 0.7958 | R 0.3895 | CI 0.6851 | R2 -4.8234 | R2m 0.1511
✅ Saved BEST Train_5
Epoch 9 | Train 0.7743 | Val 0.6644 | RMSE 0.8181 | R 0.3742 | CI 0.6857 | R2 -3.5242 | R2m 0.1339
Epoch 10 | Train 0.7919 | Val 0.6229 | RMSE 0.7914 | R 0.4070 | CI 0.6945 | R2 -2.8999 | R2m 0.1605
✅ Saved BEST Train_5
Epoch 11 | Train 0.7793 | Val 0.7237 | RMSE 0.8518 | R 0.3982 | CI 0.6945 | R2 -5.1995 | R2m 0.1564
Epoch 12 | Train 0.8127 | Val 0.6892 | RMSE 0.8335 | R 0.3462 | CI 0.6790 | R2 -5.6018 | R2m 0.1174
Epoch 13 | Train 0.7775 | Val 0.6214 | RMSE 0.7907 | R 0.4083 | CI 0.6923 | R2 -3.1132 | R2m 0.1622
Epoch 14 | Train 0.7690 | Val 0.6267 | RMSE 0.7940 | R 0.4098 | CI 0.6988 | R2 -2.3912 | R2m 0.1588
✅ Saved BEST Train_5
Epoch 15 | Train 0.7616 | Val 0.6605 | RMSE 0.8160 | R 0.4083 | CI 0.6915 | R2 -5.4686 | R2m 0.1645
Epoch 16 | Train 0.7596 | Val 0.6290 | RMSE 0.7951 | R 0.4013 | CI 0.6959 | R2 -2.7623 | R2m 0.1541
Epoch 17 | Train 0.7603 | Val 0.6167 | RMSE 0.7877 | R 0.4220 | CI 0.6997 | R2 -2.5101 | R2m 0.1707
✅ Saved BEST Train_5
Epoch 18 | Train 0.7485 | Val 0.6202 | RMSE 0.7899 | R 0.4128 | CI 0.7028 | R2 -2.7262 | R2m 0.1641
Epoch 19 | Train 0.7580 | Val 0.6266 | RMSE 0.7942 | R 0.4229 | CI 0.6967 | R2 -2.3965 | R2m 0.1697
Epoch 20 | Train 0.7589 | Val 0.6061 | RMSE 0.7806 | R 0.4309 | CI 0.7035 | R2 -3.2467 | R2m 0.1852
✅ Saved BEST Train_5
Epoch 21 | Train 0.7456 | Val 0.6170 | RMSE 0.7879 | R 0.4368 | CI 0.7053 | R2 -1.5289 | R2m 0.1746
Epoch 22 | Train 0.7605 | Val 0.7226 | RMSE 0.8528 | R 0.1886 | CI 0.6080 | R2 -12.0621 | R2m 0.0348
Epoch 23 | Train 0.7872 | Val 0.6499 | RMSE 0.8088 | R 0.3582 | CI 0.6780 | R2 -4.4070 | R2m 0.1253
Epoch 24 | Train 0.7557 | Val 0.6269 | RMSE 0.7946 | R 0.4104 | CI 0.6980 | R2 -4.1499 | R2m 0.1681
Epoch 25 | Train 0.7562 | Val 0.7789 | RMSE 0.8834 | R 0.4142 | CI 0.6936 | R2 -2.7877 | R2m 0.1640
Epoch 26 | Train 0.7468 | Val 0.6075 | RMSE 0.7821 | R 0.4267 | CI 0.7048 | R2 -2.7774 | R2m 0.1777
Epoch 27 | Train 0.7142 | Val 0.6007 | RMSE 0.7777 | R 0.4428 | CI 0.7063 | R2 -3.3694 | R2m 0.1953
✅ Saved BEST Train_5
Epoch 28 | Train 0.7006 | Val 0.6251 | RMSE 0.7939 | R 0.4585 | CI 0.7185 | R2 -3.4300 | R2m 0.2095
✅ Saved BEST Train_5
Epoch 29 | Train 0.7020 | Val 0.6143 | RMSE 0.7866 | R 0.4203 | CI 0.6919 | R2 -3.9360 | R2m 0.1761
Epoch 30 | Train 0.6991 | Val 0.6069 | RMSE 0.7808 | R 0.4670 | CI 0.7231 | R2 -1.7992 | R2m 0.2097
✅ Saved BEST Train_5
Epoch 31 | Train 0.6797 | Val 0.6475 | RMSE 0.8058 | R 0.4717 | CI 0.7249 | R2 -1.7010 | R2m 0.2121
✅ Saved BEST Train_5
Epoch 32 | Train 0.6723 | Val 0.5748 | RMSE 0.7603 | R 0.4760 | CI 0.7265 | R2 -2.1368 | R2m 0.2237
✅ Saved BEST Train_5
Epoch 33 | Train 0.6735 | Val 0.5606 | RMSE 0.7511 | R 0.4953 | CI 0.7373 | R2 -2.2494 | R2m 0.2435
✅ Saved BEST Train_5
Epoch 34 | Train 0.6526 | Val 0.5798 | RMSE 0.7644 | R 0.5097 | CI 0.7438 | R2 -1.9414 | R2m 0.2554
✅ Saved BEST Train_5
Epoch 35 | Train 0.6487 | Val 0.5990 | RMSE 0.7771 | R 0.4788 | CI 0.7286 | R2 -2.2343 | R2m 0.2234
Epoch 36 | Train 0.6592 | Val 0.5986 | RMSE 0.7769 | R 0.5077 | CI 0.7366 | R2 -1.6687 | R2m 0.2457
Epoch 37 | Train 0.6430 | Val 0.5542 | RMSE 0.7468 | R 0.5029 | CI 0.7362 | R2 -1.9221 | R2m 0.2523
Epoch 38 | Train 0.6094 | Val 0.5291 | RMSE 0.7301 | R 0.5513 | CI 0.7658 | R2 -1.3252 | R2m 0.3004
✅ Saved BEST Train_5
Epoch 39 | Train 0.6395 | Val 0.5461 | RMSE 0.7414 | R 0.5201 | CI 0.7464 | R2 -1.1315 | R2m 0.2580
Epoch 40 | Train 0.6131 | Val 0.5255 | RMSE 0.7274 | R 0.5415 | CI 0.7603 | R2 -1.0616 | R2m 0.2833
Epoch 41 | Train 0.6058 | Val 0.5505 | RMSE 0.7444 | R 0.5140 | CI 0.7452 | R2 -1.1985 | R2m 0.2522
Epoch 42 | Train 0.6215 | Val 0.6090 | RMSE 0.7825 | R 0.4289 | CI 0.7057 | R2 -2.3718 | R2m 0.1768
Epoch 43 | Train 0.8850 | Val 0.8938 | RMSE 0.9490 | R 0.3693 | CI 0.6803 | R2 -1.7990 | R2m 0.1213
Epoch 44 | Train 0.8507 | Val 0.7298 | RMSE 0.8554 | R 0.3795 | CI 0.6957 | R2 -5.8691 | R2m 0.1423
Epoch 45 | Train 0.7569 | Val 0.6433 | RMSE 0.8055 | R 0.4158 | CI 0.7146 | R2 -4.0952 | R2m 0.1717
Epoch 46 | Train 0.7260 | Val 0.6196 | RMSE 0.7892 | R 0.4443 | CI 0.7261 | R2 -2.6124 | R2m 0.1945
Epoch 47 | Train 0.7028 | Val 0.5793 | RMSE 0.7627 | R 0.4721 | CI 0.7437 | R2 -2.2671 | R2m 0.2200
Epoch 48 | Train 0.6789 | Val 0.6445 | RMSE 0.8063 | R 0.4702 | CI 0.7419 | R2 -2.1667 | R2m 0.2094
Epoch 49 | Train 0.6665 | Val 0.5562 | RMSE 0.7491 | R 0.5086 | CI 0.7535 | R2 -1.3289 | R2m 0.2490
Epoch 50 | Train 0.6687 | Val 0.5436 | RMSE 0.7402 | R 0.5224 | CI 0.7598 | R2 -1.2466 | R2m 0.2643
Epoch 51 | Train 0.6318 | Val 0.5309 | RMSE 0.7317 | R 0.5324 | CI 0.7671 | R2 -1.3039 | R2m 0.2779
Epoch 52 | Train 0.6256 | Val 0.5296 | RMSE 0.7308 | R 0.5390 | CI 0.7670 | R2 -0.9847 | R2m 0.2780
Epoch 53 | Train 0.6219 | Val 0.5372 | RMSE 0.7362 | R 0.5380 | CI 0.7649 | R2 -0.9141 | R2m 0.2704
Epoch 54 | Train 0.6138 | Val 0.5182 | RMSE 0.7230 | R 0.5486 | CI 0.7702 | R2 -1.2334 | R2m 0.2976
✅ Saved BEST Train_5
Epoch 55 | Train 0.6125 | Val 0.5195 | RMSE 0.7239 | R 0.5525 | CI 0.7708 | R2 -1.1862 | R2m 0.3000
✅ Saved BEST Train_5
Epoch 56 | Train 0.6071 | Val 0.5165 | RMSE 0.7214 | R 0.5537 | CI 0.7700 | R2 -0.9553 | R2m 0.2972
Epoch 57 | Train 0.6056 | Val 0.5125 | RMSE 0.7189 | R 0.5583 | CI 0.7719 | R2 -0.8199 | R2m 0.2980
Epoch 58 | Train 0.6100 | Val 0.5188 | RMSE 0.7230 | R 0.5598 | CI 0.7712 | R2 -0.8677 | R2m 0.3029
✅ Saved BEST Train_5
Epoch 59 | Train 0.5888 | Val 0.5067 | RMSE 0.7149 | R 0.5653 | CI 0.7727 | R2 -0.7589 | R2m 0.3054
✅ Saved BEST Train_5
Epoch 60 | Train 0.5837 | Val 0.5079 | RMSE 0.7155 | R 0.5661 | CI 0.7717 | R2 -0.7673 | R2m 0.3074
✅ Saved BEST Train_5
Epoch 61 | Train 0.5829 | Val 0.5063 | RMSE 0.7143 | R 0.5753 | CI 0.7766 | R2 -0.8889 | R2m 0.3270
✅ Saved BEST Train_5
Epoch 62 | Train 0.5823 | Val 0.5365 | RMSE 0.7347 | R 0.5724 | CI 0.7720 | R2 -0.9290 | R2m 0.3226
Epoch 63 | Train 0.5773 | Val 0.4954 | RMSE 0.7070 | R 0.5817 | CI 0.7759 | R2 -0.8600 | R2m 0.3310
✅ Saved BEST Train_5
Epoch 64 | Train 0.5695 | Val 0.4842 | RMSE 0.6989 | R 0.5882 | CI 0.7760 | R2 -0.8707 | R2m 0.3445
✅ Saved BEST Train_5
Epoch 65 | Train 0.5686 | Val 0.5092 | RMSE 0.7164 | R 0.5832 | CI 0.7791 | R2 -0.6886 | R2m 0.3292
Epoch 66 | Train 0.5609 | Val 0.5037 | RMSE 0.7127 | R 0.5829 | CI 0.7770 | R2 -0.6189 | R2m 0.3251
Epoch 67 | Train 0.5510 | Val 0.4913 | RMSE 0.7041 | R 0.5831 | CI 0.7714 | R2 -0.5856 | R2m 0.3223
Epoch 68 | Train 0.5693 | Val 0.5073 | RMSE 0.7154 | R 0.5647 | CI 0.7641 | R2 -0.7319 | R2m 0.3022
Epoch 69 | Train 0.5596 | Val 0.4937 | RMSE 0.7057 | R 0.5926 | CI 0.7780 | R2 -0.4169 | R2m 0.3270
Epoch 70 | Train 0.5410 | Val 0.4833 | RMSE 0.6984 | R 0.6098 | CI 0.7807 | R2 -0.9512 | R2m 0.3666
✅ Saved BEST Train_5
Epoch 71 | Train 0.5388 | Val 0.4872 | RMSE 0.7012 | R 0.5954 | CI 0.7754 | R2 -0.7515 | R2m 0.3459
Epoch 72 | Train 0.5368 | Val 0.4863 | RMSE 0.7001 | R 0.6215 | CI 0.7905 | R2 -0.4161 | R2m 0.3733
✅ Saved BEST Train_5
Epoch 73 | Train 0.5262 | Val 0.4602 | RMSE 0.6810 | R 0.6161 | CI 0.7816 | R2 -0.5885 | R2m 0.3773
Epoch 74 | Train 0.5145 | Val 0.4612 | RMSE 0.6822 | R 0.6142 | CI 0.7886 | R2 -0.6165 | R2m 0.3742
Epoch 75 | Train 0.5207 | Val 0.4541 | RMSE 0.6767 | R 0.6228 | CI 0.7822 | R2 -0.4595 | R2m 0.3803
Epoch 76 | Train 0.5113 | Val 0.4527 | RMSE 0.6758 | R 0.6310 | CI 0.7940 | R2 -0.2883 | R2m 0.3808
✅ Saved BEST Train_5
Epoch 77 | Train 0.5115 | Val 0.4771 | RMSE 0.6926 | R 0.6037 | CI 0.7847 | R2 -0.3690 | R2m 0.3401
Epoch 78 | Train 0.4990 | Val 0.4511 | RMSE 0.6746 | R 0.6275 | CI 0.7965 | R2 -0.3454 | R2m 0.3792
✅ Saved BEST Train_5
Epoch 79 | Train 0.5034 | Val 0.4495 | RMSE 0.6734 | R 0.6373 | CI 0.7923 | R2 -0.5314 | R2m 0.4046
✅ Saved BEST Train_5
Epoch 80 | Train 0.4944 | Val 0.4744 | RMSE 0.6916 | R 0.6364 | CI 0.7971 | R2 -0.1399 | R2m 0.3718
Epoch 81 | Train 0.4884 | Val 0.4469 | RMSE 0.6715 | R 0.6495 | CI 0.7926 | R2 -0.6144 | R2m 0.4133
✅ Saved BEST Train_5
Epoch 82 | Train 0.4855 | Val 0.4666 | RMSE 0.6859 | R 0.6091 | CI 0.7706 | R2 -0.6300 | R2m 0.3658
Epoch 83 | Train 0.4890 | Val 0.5534 | RMSE 0.7473 | R 0.5771 | CI 0.7514 | R2 -1.9786 | R2m 0.3187
Epoch 84 | Train 0.7384 | Val 0.5613 | RMSE 0.7526 | R 0.4944 | CI 0.7354 | R2 -1.9447 | R2m 0.2414
Epoch 85 | Train 0.6293 | Val 0.5171 | RMSE 0.7222 | R 0.5493 | CI 0.7560 | R2 -1.1576 | R2m 0.2970
Epoch 86 | Train 0.5572 | Val 0.4842 | RMSE 0.6989 | R 0.5981 | CI 0.7688 | R2 -0.5479 | R2m 0.3390
Epoch 87 | Train 0.5215 | Val 0.4396 | RMSE 0.6660 | R 0.6432 | CI 0.7969 | R2 -0.3248 | R2m 0.4004
Epoch 88 | Train 0.4720 | Val 0.4653 | RMSE 0.6848 | R 0.6470 | CI 0.8032 | R2 -0.1143 | R2m 0.3876
Epoch 89 | Train 0.4629 | Val 0.4199 | RMSE 0.6509 | R 0.6606 | CI 0.8066 | R2 -0.1189 | R2m 0.4172
✅ Saved BEST Train_5
Epoch 90 | Train 0.4604 | Val 0.4359 | RMSE 0.6627 | R 0.6591 | CI 0.8061 | R2 -0.0957 | R2m 0.4108
Epoch 91 | Train 0.4607 | Val 0.4209 | RMSE 0.6517 | R 0.6599 | CI 0.7998 | R2 -0.2089 | R2m 0.4275
✅ Saved BEST Train_5
Epoch 92 | Train 0.4561 | Val 0.4267 | RMSE 0.6562 | R 0.6615 | CI 0.8097 | R2 -0.0436 | R2m 0.4085
Epoch 93 | Train 0.4502 | Val 0.4122 | RMSE 0.6448 | R 0.6705 | CI 0.8100 | R2 -0.0350 | R2m 0.4253
✅ Saved BEST Train_5
Epoch 94 | Train 0.4455 | Val 0.4110 | RMSE 0.6438 | R 0.6673 | CI 0.8050 | R2 -0.1642 | R2m 0.4359
✅ Saved BEST Train_5
Epoch 95 | Train 0.4421 | Val 0.4287 | RMSE 0.6575 | R 0.6573 | CI 0.8036 | R2 -0.0856 | R2m 0.4065
Epoch 96 | Train 0.4432 | Val 0.4193 | RMSE 0.6503 | R 0.6721 | CI 0.8123 | R2 -0.0773 | R2m 0.4351
✅ Saved BEST Train_5
Epoch 97 | Train 0.4378 | Val 0.4086 | RMSE 0.6419 | R 0.6697 | CI 0.8081 | R2 -0.1637 | R2m 0.4412
✅ Saved BEST Train_5
Epoch 98 | Train 0.4338 | Val 0.4035 | RMSE 0.6377 | R 0.6751 | CI 0.8095 | R2 -0.1187 | R2m 0.4464
✅ Saved BEST Train_5
Epoch 99 | Train 0.4299 | Val 0.4063 | RMSE 0.6401 | R 0.6748 | CI 0.8089 | R2 -0.0906 | R2m 0.4430
Epoch 100 | Train 0.4278 | Val 0.4035 | RMSE 0.6381 | R 0.6782 | CI 0.8102 | R2 -0.1997 | R2m 0.4581
✅ Saved BEST Train_5
Epoch 101 | Train 0.4244 | Val 0.4179 | RMSE 0.6491 | R 0.6726 | CI 0.8054 | R2 -0.0562 | R2m 0.4330
Epoch 102 | Train 0.4232 | Val 0.4082 | RMSE 0.6418 | R 0.6820 | CI 0.8102 | R2 -0.2626 | R2m 0.4620
✅ Saved BEST Train_5
Epoch 103 | Train 0.4216 | Val 0.3960 | RMSE 0.6319 | R 0.6846 | CI 0.8143 | R2 0.0263 | R2m 0.4444
Epoch 104 | Train 0.4197 | Val 0.4081 | RMSE 0.6416 | R 0.6757 | CI 0.8029 | R2 -0.2284 | R2m 0.4549
Epoch 105 | Train 0.4153 | Val 0.4265 | RMSE 0.6557 | R 0.6762 | CI 0.8159 | R2 0.0160 | R2m 0.4269
Epoch 106 | Train 0.4161 | Val 0.3915 | RMSE 0.6284 | R 0.6898 | CI 0.8200 | R2 0.0419 | R2m 0.4489
Epoch 107 | Train 0.4119 | Val 0.3915 | RMSE 0.6284 | R 0.6877 | CI 0.8179 | R2 0.0018 | R2m 0.4554
✅ Saved BEST Train_5
Epoch 108 | Train 0.4065 | Val 0.3901 | RMSE 0.6269 | R 0.6903 | CI 0.8147 | R2 -0.0162 | R2m 0.4654
✅ Saved BEST Train_5
Epoch 109 | Train 0.3996 | Val 0.3906 | RMSE 0.6276 | R 0.6884 | CI 0.8179 | R2 -0.0044 | R2m 0.4582
Epoch 110 | Train 0.4015 | Val 0.3914 | RMSE 0.6283 | R 0.6922 | CI 0.8166 | R2 -0.1298 | R2m 0.4783
✅ Saved BEST Train_5
Epoch 111 | Train 0.3955 | Val 0.3980 | RMSE 0.6336 | R 0.6839 | CI 0.8143 | R2 0.0434 | R2m 0.4401
Epoch 112 | Train 0.4007 | Val 0.3814 | RMSE 0.6200 | R 0.6996 | CI 0.8229 | R2 0.0930 | R2m 0.4657
Epoch 113 | Train 0.3924 | Val 0.3861 | RMSE 0.6236 | R 0.6922 | CI 0.8139 | R2 -0.1090 | R2m 0.4755
Epoch 114 | Train 0.3891 | Val 0.3839 | RMSE 0.6222 | R 0.6958 | CI 0.8170 | R2 0.0611 | R2m 0.4629
Epoch 115 | Train 0.3891 | Val 0.3783 | RMSE 0.6177 | R 0.7029 | CI 0.8227 | R2 0.0642 | R2m 0.4799
✅ Saved BEST Train_5
Epoch 116 | Train 0.3845 | Val 0.3766 | RMSE 0.6163 | R 0.7036 | CI 0.8223 | R2 0.1322 | R2m 0.4644
Epoch 117 | Train 0.3867 | Val 0.3781 | RMSE 0.6174 | R 0.7003 | CI 0.8172 | R2 0.0398 | R2m 0.4775
Epoch 118 | Train 0.3832 | Val 0.3872 | RMSE 0.6249 | R 0.7047 | CI 0.8199 | R2 0.0162 | R2m 0.4765
Epoch 119 | Train 0.3699 | Val 0.3774 | RMSE 0.6167 | R 0.7037 | CI 0.8239 | R2 0.1473 | R2m 0.4616
Epoch 120 | Train 0.3730 | Val 0.3794 | RMSE 0.6184 | R 0.7040 | CI 0.8241 | R2 0.1285 | R2m 0.4687
Epoch 121 | Train 0.3687 | Val 0.3760 | RMSE 0.6154 | R 0.7057 | CI 0.8248 | R2 0.1565 | R2m 0.4651
Epoch 122 | Train 0.3594 | Val 0.3744 | RMSE 0.6143 | R 0.7099 | CI 0.8271 | R2 0.2125 | R2m 0.4603
Epoch 123 | Train 0.3571 | Val 0.3786 | RMSE 0.6175 | R 0.7051 | CI 0.8256 | R2 0.1811 | R2m 0.4574
Epoch 124 | Train 0.3573 | Val 0.3662 | RMSE 0.6077 | R 0.7112 | CI 0.8231 | R2 0.0172 | R2m 0.5055
✅ Saved BEST Train_5
Epoch 125 | Train 0.3549 | Val 0.3746 | RMSE 0.6144 | R 0.7118 | CI 0.8271 | R2 0.2240 | R2m 0.4622
Epoch 126 | Train 0.3520 | Val 0.3819 | RMSE 0.6206 | R 0.7100 | CI 0.8221 | R2 -0.0498 | R2m 0.5004
Epoch 127 | Train 0.3499 | Val 0.3685 | RMSE 0.6094 | R 0.7107 | CI 0.8261 | R2 0.1127 | R2m 0.4839
Epoch 128 | Train 0.3490 | Val 0.3646 | RMSE 0.6062 | R 0.7140 | CI 0.8214 | R2 0.0332 | R2m 0.5073
✅ Saved BEST Train_5
Epoch 129 | Train 0.3506 | Val 0.3685 | RMSE 0.6092 | R 0.7115 | CI 0.8230 | R2 0.1199 | R2m 0.4887
Epoch 130 | Train 0.3467 | Val 0.3648 | RMSE 0.6064 | R 0.7174 | CI 0.8271 | R2 0.1694 | R2m 0.4831
Epoch 131 | Train 0.3461 | Val 0.3748 | RMSE 0.6148 | R 0.7152 | CI 0.8248 | R2 0.0709 | R2m 0.4916
Epoch 132 | Train 0.3382 | Val 0.3655 | RMSE 0.6070 | R 0.7151 | CI 0.8274 | R2 0.1447 | R2m 0.4851
Epoch 133 | Train 1.1391 | Val 0.3692 | RMSE 0.6101 | R 0.7096 | CI 0.8174 | R2 0.0811 | R2m 0.4877
Epoch 134 | Train 0.7834 | Val 0.5983 | RMSE 0.7768 | R 0.4449 | CI 0.6935 | R2 -1.9775 | R2m 0.1888
Epoch 135 | Train 0.6776 | Val 0.5718 | RMSE 0.7594 | R 0.4812 | CI 0.7176 | R2 -1.6349 | R2m 0.2224
Epoch 136 | Train 0.6515 | Val 0.5571 | RMSE 0.7494 | R 0.5020 | CI 0.7292 | R2 -1.4285 | R2m 0.2429
Epoch 137 | Train 0.6262 | Val 0.5443 | RMSE 0.7408 | R 0.5177 | CI 0.7381 | R2 -1.2608 | R2m 0.2581
Epoch 138 | Train 0.6016 | Val 0.5343 | RMSE 0.7339 | R 0.5298 | CI 0.7446 | R2 -1.1694 | R2m 0.2710
Epoch 139 | Train 0.5946 | Val 0.5280 | RMSE 0.7295 | R 0.5389 | CI 0.7498 | R2 -1.0864 | R2m 0.2811
Epoch 140 | Train 0.5769 | Val 0.5191 | RMSE 0.7235 | R 0.5487 | CI 0.7554 | R2 -0.9771 | R2m 0.2901
Epoch 141 | Train 0.5677 | Val 0.5164 | RMSE 0.7215 | R 0.5520 | CI 0.7575 | R2 -0.9646 | R2m 0.2946
Epoch 142 | Train 0.5690 | Val 0.5136 | RMSE 0.7195 | R 0.5561 | CI 0.7598 | R2 -0.9116 | R2m 0.2987
Epoch 143 | Train 0.5616 | Val 0.5100 | RMSE 0.7170 | R 0.5599 | CI 0.7618 | R2 -0.8730 | R2m 0.3022
Epoch 144 | Train 0.5546 | Val 0.5067 | RMSE 0.7147 | R 0.5635 | CI 0.7638 | R2 -0.8583 | R2m 0.3065
Epoch 145 | Train 0.5509 | Val 0.5047 | RMSE 0.7132 | R 0.5667 | CI 0.7657 | R2 -0.7996 | R2m 0.3091
Epoch 146 | Train 0.5398 | Val 0.5007 | RMSE 0.7105 | R 0.5710 | CI 0.7681 | R2 -0.7782 | R2m 0.3137
Epoch 147 | Train 0.5383 | Val 0.5001 | RMSE 0.7100 | R 0.5731 | CI 0.7696 | R2 -0.7175 | R2m 0.3149
Epoch 148 | Train 0.5350 | Val 0.4970 | RMSE 0.7079 | R 0.5756 | CI 0.7706 | R2 -0.7121 | R2m 0.3176
⛔ Early stopping triggered at epoch 148
