mse_loss + 0.05 * ranking_loss + 0.05 * rm2_loss, lr 5e-4, batch 64
best ci + rm2

===== Fold: Train_1 =====
Epoch 1 | Train 1.0155 | Val 1.3800 | RMSE 1.1778 | R 0.4887 | CI 0.7409 | R2 -5.6471 | R2m 0.2307
✅ Saved BEST Train_1
Epoch 2 | Train 0.6965 | Val 0.5810 | RMSE 0.7647 | R 0.5822 | CI 0.7874 | R2 -1.1675 | R2m 0.3317
✅ Saved BEST Train_1
Epoch 3 | Train 0.6370 | Val 0.6024 | RMSE 0.7781 | R 0.5413 | CI 0.7396 | R2 -3.0247 | R2m 0.2721
Epoch 4 | Train 0.5866 | Val 0.4754 | RMSE 0.6908 | R 0.6391 | CI 0.8122 | R2 -0.3973 | R2m 0.4057
✅ Saved BEST Train_1
Epoch 5 | Train 0.5441 | Val 0.5095 | RMSE 0.7150 | R 0.6537 | CI 0.8090 | R2 0.1124 | R2m 0.3614
Epoch 6 | Train 0.5024 | Val 0.4394 | RMSE 0.6638 | R 0.6744 | CI 0.8128 | R2 -0.4679 | R2m 0.4282
✅ Saved BEST Train_1
Epoch 7 | Train 0.4784 | Val 1.3255 | RMSE 1.1497 | R 0.6116 | CI 0.7546 | R2 -1.9975 | R2m 0.3661
Epoch 8 | Train 0.5166 | Val 0.4163 | RMSE 0.6462 | R 0.7048 | CI 0.8173 | R2 -0.1669 | R2m 0.4855
✅ Saved BEST Train_1
Epoch 9 | Train 0.4435 | Val 0.4362 | RMSE 0.6612 | R 0.7145 | CI 0.8233 | R2 -0.1362 | R2m 0.5076
✅ Saved BEST Train_1
Epoch 10 | Train 0.4315 | Val 0.4008 | RMSE 0.6340 | R 0.7196 | CI 0.8317 | R2 -0.3284 | R2m 0.4583
Epoch 11 | Train 0.4270 | Val 0.3882 | RMSE 0.6224 | R 0.7308 | CI 0.8356 | R2 0.3130 | R2m 0.4702
Epoch 12 | Train 0.4068 | Val 0.3789 | RMSE 0.6161 | R 0.7458 | CI 0.8454 | R2 0.3039 | R2m 0.4986
✅ Saved BEST Train_1
Epoch 13 | Train 0.4081 | Val 0.4669 | RMSE 0.6839 | R 0.7394 | CI 0.8354 | R2 -0.4053 | R2m 0.5148
✅ Saved BEST Train_1
Epoch 14 | Train 0.3980 | Val 0.3752 | RMSE 0.6128 | R 0.7489 | CI 0.8424 | R2 0.2446 | R2m 0.5254
✅ Saved BEST Train_1
Epoch 15 | Train 0.3823 | Val 0.3441 | RMSE 0.5877 | R 0.7556 | CI 0.8454 | R2 0.2304 | R2m 0.5635
✅ Saved BEST Train_1
Epoch 16 | Train 0.3756 | Val 0.3655 | RMSE 0.6053 | R 0.7622 | CI 0.8437 | R2 0.0584 | R2m 0.5535
Epoch 17 | Train 0.3662 | Val 0.3663 | RMSE 0.6060 | R 0.7410 | CI 0.8423 | R2 0.2364 | R2m 0.5356
Epoch 18 | Train 0.3594 | Val 0.3757 | RMSE 0.6141 | R 0.7700 | CI 0.8547 | R2 0.3249 | R2m 0.5721
✅ Saved BEST Train_1
Epoch 19 | Train 0.3576 | Val 0.3363 | RMSE 0.5809 | R 0.7657 | CI 0.8497 | R2 0.2675 | R2m 0.5749
Epoch 20 | Train 0.3359 | Val 0.3571 | RMSE 0.5979 | R 0.7714 | CI 0.8558 | R2 0.3106 | R2m 0.5566
Epoch 21 | Train 0.3304 | Val 0.3218 | RMSE 0.5679 | R 0.7815 | CI 0.8626 | R2 0.4571 | R2m 0.5655
✅ Saved BEST Train_1
Epoch 22 | Train 0.3160 | Val 0.3229 | RMSE 0.5693 | R 0.7840 | CI 0.8624 | R2 0.5227 | R2m 0.5229
Epoch 23 | Train 0.3204 | Val 0.3021 | RMSE 0.5501 | R 0.7922 | CI 0.8621 | R2 0.4045 | R2m 0.6239
✅ Saved BEST Train_1
Epoch 24 | Train 0.3192 | Val 0.6738 | RMSE 0.8206 | R 0.7814 | CI 0.8446 | R2 -0.9704 | R2m 0.5774
Epoch 25 | Train 0.3181 | Val 0.3048 | RMSE 0.5528 | R 0.7884 | CI 0.8644 | R2 0.4419 | R2m 0.5986
Epoch 26 | Train 0.3032 | Val 0.3325 | RMSE 0.5773 | R 0.7867 | CI 0.8552 | R2 0.3401 | R2m 0.5974
Epoch 27 | Train 0.2996 | Val 0.3255 | RMSE 0.5715 | R 0.7995 | CI 0.8554 | R2 0.2922 | R2m 0.6294
Epoch 28 | Train 0.2776 | Val 0.2989 | RMSE 0.5482 | R 0.8021 | CI 0.8641 | R2 0.5678 | R2m 0.5470
Epoch 29 | Train 0.2691 | Val 0.3249 | RMSE 0.5715 | R 0.7956 | CI 0.8558 | R2 0.2952 | R2m 0.6257
Epoch 30 | Train 0.2292 | Val 0.2571 | RMSE 0.5084 | R 0.8235 | CI 0.8709 | R2 0.5391 | R2m 0.6674
✅ Saved BEST Train_1
Epoch 31 | Train 0.2144 | Val 0.2561 | RMSE 0.5069 | R 0.8274 | CI 0.8771 | R2 0.5400 | R2m 0.6827
✅ Saved BEST Train_1
Epoch 32 | Train 0.2100 | Val 0.2618 | RMSE 0.5129 | R 0.8225 | CI 0.8701 | R2 0.4453 | R2m 0.6386
Epoch 33 | Train 0.2026 | Val 0.2664 | RMSE 0.5178 | R 0.8236 | CI 0.8709 | R2 0.5523 | R2m 0.6350
Epoch 34 | Train 0.2017 | Val 0.2588 | RMSE 0.5104 | R 0.8219 | CI 0.8741 | R2 0.5133 | R2m 0.6726
Epoch 35 | Train 0.1982 | Val 0.2623 | RMSE 0.5140 | R 0.8272 | CI 0.8812 | R2 0.6096 | R2m 0.6209
Epoch 36 | Train 0.1943 | Val 0.2644 | RMSE 0.5158 | R 0.8212 | CI 0.8726 | R2 0.5813 | R2m 0.6172
Epoch 37 | Train 0.1921 | Val 0.2600 | RMSE 0.5114 | R 0.8295 | CI 0.8756 | R2 0.4583 | R2m 0.6561
Epoch 38 | Train 0.1687 | Val 0.2462 | RMSE 0.4981 | R 0.8356 | CI 0.8794 | R2 0.5669 | R2m 0.6806
✅ Saved BEST Train_1
Epoch 39 | Train 0.1642 | Val 0.2407 | RMSE 0.4923 | R 0.8357 | CI 0.8685 | R2 0.5607 | R2m 0.6907
Epoch 40 | Train 0.1849 | Val 0.2412 | RMSE 0.4929 | R 0.8363 | CI 0.8819 | R2 0.6099 | R2m 0.6648
Epoch 41 | Train 0.1609 | Val 0.2330 | RMSE 0.4848 | R 0.8417 | CI 0.8835 | R2 0.6096 | R2m 0.6848
✅ Saved BEST Train_1
Epoch 42 | Train 0.1571 | Val 0.2347 | RMSE 0.4862 | R 0.8434 | CI 0.8833 | R2 0.6137 | R2m 0.6944
✅ Saved BEST Train_1
Epoch 43 | Train 0.1557 | Val 0.2554 | RMSE 0.5070 | R 0.8423 | CI 0.8785 | R2 0.5451 | R2m 0.6915
Epoch 44 | Train 0.1523 | Val 0.2323 | RMSE 0.4828 | R 0.8437 | CI 0.8844 | R2 0.6282 | R2m 0.6813
Epoch 45 | Train 0.1504 | Val 0.2312 | RMSE 0.4828 | R 0.8436 | CI 0.8849 | R2 0.6318 | R2m 0.6727
Epoch 46 | Train 0.1459 | Val 0.2300 | RMSE 0.4816 | R 0.8446 | CI 0.8847 | R2 0.6358 | R2m 0.6760
Epoch 47 | Train 0.1430 | Val 0.2350 | RMSE 0.4866 | R 0.8410 | CI 0.8827 | R2 0.6100 | R2m 0.6876
Epoch 48 | Train 0.1431 | Val 0.2334 | RMSE 0.4845 | R 0.8425 | CI 0.8843 | R2 0.6306 | R2m 0.6702
Epoch 49 | Train 0.2102 | Val 0.2284 | RMSE 0.4799 | R 0.8466 | CI 0.8838 | R2 0.6089 | R2m 0.7156
✅ Saved BEST Train_1
Epoch 50 | Train 0.2052 | Val 0.2372 | RMSE 0.4884 | R 0.8403 | CI 0.8817 | R2 0.6149 | R2m 0.6689
Epoch 51 | Train 0.1450 | Val 0.2329 | RMSE 0.4841 | R 0.8428 | CI 0.8827 | R2 0.6264 | R2m 0.6724
Epoch 52 | Train 0.1380 | Val 0.2265 | RMSE 0.4776 | R 0.8476 | CI 0.8834 | R2 0.6185 | R2m 0.6989
Epoch 53 | Train 0.1336 | Val 0.2260 | RMSE 0.4771 | R 0.8479 | CI 0.8867 | R2 0.6373 | R2m 0.6834
Epoch 54 | Train 0.1308 | Val 0.2260 | RMSE 0.4773 | R 0.8476 | CI 0.8856 | R2 0.6319 | R2m 0.6876
Epoch 55 | Train 0.1294 | Val 0.2232 | RMSE 0.4743 | R 0.8491 | CI 0.8866 | R2 0.6411 | R2m 0.6906
Epoch 56 | Train 0.1256 | Val 0.2231 | RMSE 0.4741 | R 0.8501 | CI 0.8879 | R2 0.6428 | R2m 0.6872
Epoch 57 | Train 0.1223 | Val 0.2221 | RMSE 0.4731 | R 0.8499 | CI 0.8878 | R2 0.6441 | R2m 0.6911
Epoch 58 | Train 0.1210 | Val 0.2230 | RMSE 0.4741 | R 0.8496 | CI 0.8871 | R2 0.6458 | R2m 0.6905
Epoch 59 | Train 0.1215 | Val 0.2230 | RMSE 0.4741 | R 0.8498 | CI 0.8884 | R2 0.6526 | R2m 0.6820
Epoch 60 | Train 0.1203 | Val 0.2219 | RMSE 0.4729 | R 0.8499 | CI 0.8873 | R2 0.6417 | R2m 0.6958
Epoch 61 | Train 0.1203 | Val 0.2219 | RMSE 0.4729 | R 0.8499 | CI 0.8877 | R2 0.6434 | R2m 0.6927
Epoch 62 | Train 0.1164 | Val 0.2217 | RMSE 0.4726 | R 0.8505 | CI 0.8880 | R2 0.6444 | R2m 0.6907
Epoch 63 | Train 0.1163 | Val 0.2204 | RMSE 0.4714 | R 0.8512 | CI 0.8890 | R2 0.6496 | R2m 0.6918
Epoch 64 | Train 0.1165 | Val 0.2210 | RMSE 0.4720 | R 0.8511 | CI 0.8889 | R2 0.6463 | R2m 0.6906
Epoch 65 | Train 0.1162 | Val 0.2211 | RMSE 0.4721 | R 0.8510 | CI 0.8883 | R2 0.6435 | R2m 0.6931
Epoch 66 | Train 0.1153 | Val 0.2223 | RMSE 0.4734 | R 0.8505 | CI 0.8882 | R2 0.6411 | R2m 0.6909
Epoch 67 | Train 0.1152 | Val 0.2210 | RMSE 0.4720 | R 0.8509 | CI 0.8891 | R2 0.6502 | R2m 0.6882
Epoch 68 | Train 0.1137 | Val 0.2208 | RMSE 0.4719 | R 0.8512 | CI 0.8894 | R2 0.6533 | R2m 0.6854
Epoch 69 | Train 0.1137 | Val 0.2210 | RMSE 0.4721 | R 0.8507 | CI 0.8891 | R2 0.6490 | R2m 0.6904
⛔ Early stopping triggered at epoch 69

===== Fold: Train_2 =====
Epoch 1 | Train 1.0209 | Val 0.7143 | RMSE 0.8477 | R 0.4398 | CI 0.7281 | R2 -8.0143 | R2m 0.1770
✅ Saved BEST Train_2
Epoch 2 | Train 0.7041 | Val 0.7428 | RMSE 0.8644 | R 0.5326 | CI 0.7659 | R2 -1.3582 | R2m 0.2563
✅ Saved BEST Train_2
Epoch 3 | Train 0.6555 | Val 0.5639 | RMSE 0.7535 | R 0.5766 | CI 0.7877 | R2 -1.3561 | R2m 0.3193
✅ Saved BEST Train_2
Epoch 4 | Train 0.6270 | Val 0.5386 | RMSE 0.7364 | R 0.6002 | CI 0.7910 | R2 -1.2248 | R2m 0.3449
✅ Saved BEST Train_2
Epoch 5 | Train 0.5823 | Val 0.7430 | RMSE 0.8639 | R 0.6171 | CI 0.8002 | R2 -1.2322 | R2m 0.3695
✅ Saved BEST Train_2
Epoch 6 | Train 0.5736 | Val 0.6662 | RMSE 0.8185 | R 0.6230 | CI 0.7834 | R2 -1.5662 | R2m 0.3816
Epoch 7 | Train 0.5277 | Val 0.4501 | RMSE 0.6729 | R 0.6782 | CI 0.8186 | R2 -0.0967 | R2m 0.4455
✅ Saved BEST Train_2
Epoch 8 | Train 0.5085 | Val 0.6584 | RMSE 0.8142 | R 0.5499 | CI 0.7618 | R2 -0.3928 | R2m 0.2620
Epoch 9 | Train 0.6719 | Val 0.6011 | RMSE 0.7774 | R 0.6098 | CI 0.7991 | R2 -1.4293 | R2m 0.3611
Epoch 10 | Train 0.5699 | Val 0.4993 | RMSE 0.7089 | R 0.6313 | CI 0.8027 | R2 -0.3017 | R2m 0.3809
Epoch 11 | Train 0.5332 | Val 0.4814 | RMSE 0.6957 | R 0.6482 | CI 0.8138 | R2 -0.2277 | R2m 0.4042
Epoch 12 | Train 0.5148 | Val 0.4621 | RMSE 0.6817 | R 0.6712 | CI 0.8136 | R2 -0.5704 | R2m 0.4163
Epoch 13 | Train 0.4896 | Val 0.4488 | RMSE 0.6719 | R 0.6819 | CI 0.8108 | R2 -0.5310 | R2m 0.4263
Epoch 14 | Train 0.4404 | Val 0.4135 | RMSE 0.6451 | R 0.7131 | CI 0.8359 | R2 0.1484 | R2m 0.4864
✅ Saved BEST Train_2
Epoch 15 | Train 0.4282 | Val 0.4092 | RMSE 0.6414 | R 0.7206 | CI 0.8417 | R2 0.1001 | R2m 0.5009
✅ Saved BEST Train_2
Epoch 16 | Train 0.4192 | Val 0.4051 | RMSE 0.6380 | R 0.7255 | CI 0.8430 | R2 -0.0570 | R2m 0.5093
✅ Saved BEST Train_2
Epoch 17 | Train 0.4151 | Val 0.4017 | RMSE 0.6358 | R 0.7176 | CI 0.8231 | R2 0.0829 | R2m 0.5080
Epoch 18 | Train 0.4249 | Val 0.4047 | RMSE 0.6381 | R 0.7157 | CI 0.8345 | R2 0.1367 | R2m 0.4940
Epoch 19 | Train 0.4029 | Val 0.3980 | RMSE 0.6328 | R 0.7222 | CI 0.8401 | R2 0.0508 | R2m 0.5129
✅ Saved BEST Train_2
Epoch 20 | Train 0.3942 | Val 0.4059 | RMSE 0.6393 | R 0.7396 | CI 0.8491 | R2 0.3908 | R2m 0.4677
Epoch 21 | Train 0.3866 | Val 0.4003 | RMSE 0.6340 | R 0.7459 | CI 0.8385 | R2 -0.0924 | R2m 0.5213
✅ Saved BEST Train_2
Epoch 22 | Train 0.3854 | Val 0.3667 | RMSE 0.6072 | R 0.7508 | CI 0.8438 | R2 0.0127 | R2m 0.5166
✅ Saved BEST Train_2
Epoch 23 | Train 0.3872 | Val 0.3754 | RMSE 0.6139 | R 0.7612 | CI 0.8556 | R2 0.2630 | R2m 0.5506
✅ Saved BEST Train_2
Epoch 24 | Train 0.3696 | Val 0.4030 | RMSE 0.6366 | R 0.7433 | CI 0.8357 | R2 -0.2000 | R2m 0.5020
Epoch 25 | Train 0.3607 | Val 0.3564 | RMSE 0.5989 | R 0.7592 | CI 0.8467 | R2 0.2128 | R2m 0.5711
✅ Saved BEST Train_2
Epoch 26 | Train 0.3528 | Val 0.3455 | RMSE 0.5896 | R 0.7697 | CI 0.8566 | R2 0.2789 | R2m 0.5789
✅ Saved BEST Train_2
Epoch 27 | Train 0.3526 | Val 0.3524 | RMSE 0.5956 | R 0.7648 | CI 0.8526 | R2 0.4371 | R2m 0.5203
Epoch 28 | Train 0.3480 | Val 0.3522 | RMSE 0.5950 | R 0.7737 | CI 0.8582 | R2 0.3869 | R2m 0.5470
Epoch 29 | Train 0.3311 | Val 0.3588 | RMSE 0.6008 | R 0.7747 | CI 0.8583 | R2 0.4120 | R2m 0.5603
Epoch 30 | Train 0.3259 | Val 0.3319 | RMSE 0.5783 | R 0.7805 | CI 0.8547 | R2 0.2118 | R2m 0.5585
Epoch 31 | Train 0.3207 | Val 0.3925 | RMSE 0.6282 | R 0.7701 | CI 0.8423 | R2 0.1340 | R2m 0.5543
Epoch 32 | Train 0.3154 | Val 0.3422 | RMSE 0.5869 | R 0.7791 | CI 0.8595 | R2 0.2962 | R2m 0.6026
✅ Saved BEST Train_2
Epoch 33 | Train 0.3159 | Val 0.3238 | RMSE 0.5712 | R 0.7832 | CI 0.8646 | R2 0.4428 | R2m 0.5806
Epoch 34 | Train 0.2979 | Val 0.3171 | RMSE 0.5655 | R 0.7979 | CI 0.8650 | R2 0.5210 | R2m 0.5785
Epoch 35 | Train 0.2899 | Val 0.3141 | RMSE 0.5627 | R 0.7943 | CI 0.8636 | R2 0.3412 | R2m 0.6159
✅ Saved BEST Train_2
Epoch 36 | Train 0.2845 | Val 0.3390 | RMSE 0.5837 | R 0.7823 | CI 0.8594 | R2 0.3954 | R2m 0.5715
Epoch 37 | Train 0.2765 | Val 0.2911 | RMSE 0.5417 | R 0.8051 | CI 0.8700 | R2 0.4898 | R2m 0.6300
✅ Saved BEST Train_2
Epoch 38 | Train 0.2662 | Val 0.3250 | RMSE 0.5718 | R 0.8002 | CI 0.8646 | R2 0.3340 | R2m 0.6342
Epoch 39 | Train 0.2592 | Val 0.3092 | RMSE 0.5583 | R 0.8046 | CI 0.8614 | R2 0.4589 | R2m 0.6416
✅ Saved BEST Train_2
Epoch 40 | Train 0.2566 | Val 0.3106 | RMSE 0.5590 | R 0.8041 | CI 0.8693 | R2 0.4764 | R2m 0.6004
Epoch 41 | Train 0.2454 | Val 0.2983 | RMSE 0.5482 | R 0.8036 | CI 0.8475 | R2 0.3823 | R2m 0.6242
Epoch 42 | Train 0.2513 | Val 0.2911 | RMSE 0.5416 | R 0.8049 | CI 0.8677 | R2 0.4666 | R2m 0.6402
✅ Saved BEST Train_2
Epoch 43 | Train 0.2393 | Val 0.3118 | RMSE 0.5602 | R 0.7998 | CI 0.8496 | R2 0.3160 | R2m 0.6091
Epoch 44 | Train 0.2292 | Val 0.2942 | RMSE 0.5446 | R 0.8077 | CI 0.8744 | R2 0.5384 | R2m 0.5934
Epoch 45 | Train 0.2301 | Val 0.2966 | RMSE 0.5464 | R 0.8035 | CI 0.8596 | R2 0.4074 | R2m 0.6214
Epoch 46 | Train 0.2227 | Val 0.2942 | RMSE 0.5449 | R 0.8032 | CI 0.8659 | R2 0.4918 | R2m 0.6173
Epoch 47 | Train 0.2155 | Val 0.3099 | RMSE 0.5581 | R 0.8083 | CI 0.8658 | R2 0.3894 | R2m 0.6510
✅ Saved BEST Train_2
Epoch 48 | Train 0.2128 | Val 0.2886 | RMSE 0.5392 | R 0.8073 | CI 0.8593 | R2 0.4777 | R2m 0.6406
Epoch 49 | Train 0.2050 | Val 0.2776 | RMSE 0.5290 | R 0.8154 | CI 0.8704 | R2 0.5108 | R2m 0.6579
✅ Saved BEST Train_2
Epoch 50 | Train 0.1992 | Val 0.2770 | RMSE 0.5286 | R 0.8157 | CI 0.8658 | R2 0.4967 | R2m 0.6610
Epoch 51 | Train 0.2007 | Val 0.2956 | RMSE 0.5458 | R 0.8175 | CI 0.8636 | R2 0.4635 | R2m 0.6513
Epoch 52 | Train 0.1939 | Val 0.2702 | RMSE 0.5218 | R 0.8257 | CI 0.8721 | R2 0.6042 | R2m 0.6215
Epoch 53 | Train 0.1885 | Val 0.2683 | RMSE 0.5202 | R 0.8239 | CI 0.8683 | R2 0.5762 | R2m 0.6340
Epoch 54 | Train 0.1870 | Val 0.2948 | RMSE 0.5449 | R 0.8168 | CI 0.8743 | R2 0.5474 | R2m 0.6283
Epoch 55 | Train 0.1859 | Val 0.2981 | RMSE 0.5484 | R 0.8200 | CI 0.8774 | R2 0.5677 | R2m 0.6179
Epoch 56 | Train 0.1600 | Val 0.2562 | RMSE 0.5085 | R 0.8325 | CI 0.8761 | R2 0.5890 | R2m 0.6574
✅ Saved BEST Train_2
Epoch 57 | Train 0.1497 | Val 0.2558 | RMSE 0.5081 | R 0.8355 | CI 0.8773 | R2 0.6049 | R2m 0.6476
Epoch 58 | Train 0.1461 | Val 0.2644 | RMSE 0.5164 | R 0.8296 | CI 0.8721 | R2 0.5727 | R2m 0.6690
✅ Saved BEST Train_2
Epoch 59 | Train 0.1458 | Val 0.2515 | RMSE 0.5037 | R 0.8346 | CI 0.8759 | R2 0.5970 | R2m 0.6660
✅ Saved BEST Train_2
Epoch 60 | Train 0.1438 | Val 0.2507 | RMSE 0.5030 | R 0.8376 | CI 0.8782 | R2 0.5845 | R2m 0.6783
✅ Saved BEST Train_2
Epoch 61 | Train 0.1400 | Val 0.2491 | RMSE 0.5014 | R 0.8371 | CI 0.8813 | R2 0.6179 | R2m 0.6570
Epoch 62 | Train 0.1422 | Val 0.2551 | RMSE 0.5072 | R 0.8320 | CI 0.8652 | R2 0.5319 | R2m 0.6732
Epoch 63 | Train 0.1631 | Val 0.2803 | RMSE 0.5318 | R 0.8322 | CI 0.8748 | R2 0.4560 | R2m 0.6781
Epoch 64 | Train 0.2787 | Val 0.2686 | RMSE 0.5199 | R 0.8293 | CI 0.8621 | R2 0.4773 | R2m 0.6442
Epoch 65 | Train 0.2934 | Val 0.2625 | RMSE 0.5147 | R 0.8275 | CI 0.8728 | R2 0.5688 | R2m 0.6543
Epoch 66 | Train 0.1581 | Val 0.2694 | RMSE 0.5214 | R 0.8247 | CI 0.8706 | R2 0.4998 | R2m 0.6760
Epoch 67 | Train 0.1367 | Val 0.2490 | RMSE 0.5014 | R 0.8361 | CI 0.8793 | R2 0.5999 | R2m 0.6727
Epoch 68 | Train 0.1303 | Val 0.2448 | RMSE 0.4971 | R 0.8388 | CI 0.8768 | R2 0.6007 | R2m 0.6836
✅ Saved BEST Train_2
Epoch 69 | Train 0.1291 | Val 0.2455 | RMSE 0.4978 | R 0.8388 | CI 0.8799 | R2 0.5809 | R2m 0.6959
✅ Saved BEST Train_2
Epoch 70 | Train 0.1267 | Val 0.2442 | RMSE 0.4964 | R 0.8394 | CI 0.8810 | R2 0.5980 | R2m 0.6866
Epoch 71 | Train 0.1259 | Val 0.2427 | RMSE 0.4949 | R 0.8405 | CI 0.8801 | R2 0.6005 | R2m 0.6892
Epoch 72 | Train 0.1226 | Val 0.2437 | RMSE 0.4960 | R 0.8416 | CI 0.8811 | R2 0.6049 | R2m 0.6817
Epoch 73 | Train 0.1211 | Val 0.2450 | RMSE 0.4973 | R 0.8397 | CI 0.8788 | R2 0.5848 | R2m 0.6943
Epoch 74 | Train 0.1196 | Val 0.2432 | RMSE 0.4954 | R 0.8398 | CI 0.8814 | R2 0.5898 | R2m 0.7002
✅ Saved BEST Train_2
Epoch 75 | Train 0.1190 | Val 0.2419 | RMSE 0.4941 | R 0.8409 | CI 0.8815 | R2 0.5988 | R2m 0.6931
Epoch 76 | Train 0.1173 | Val 0.2444 | RMSE 0.4966 | R 0.8392 | CI 0.8816 | R2 0.6015 | R2m 0.6839
Epoch 77 | Train 0.1167 | Val 0.2388 | RMSE 0.4910 | R 0.8442 | CI 0.8819 | R2 0.6173 | R2m 0.6858
Epoch 78 | Train 0.1149 | Val 0.2425 | RMSE 0.4947 | R 0.8410 | CI 0.8803 | R2 0.6164 | R2m 0.6769
Epoch 79 | Train 0.1150 | Val 0.2426 | RMSE 0.4948 | R 0.8416 | CI 0.8824 | R2 0.6221 | R2m 0.6708
Epoch 80 | Train 0.1136 | Val 0.2461 | RMSE 0.4984 | R 0.8406 | CI 0.8781 | R2 0.6049 | R2m 0.6748
Epoch 81 | Train 0.1070 | Val 0.2443 | RMSE 0.4966 | R 0.8428 | CI 0.8836 | R2 0.5980 | R2m 0.6874
Epoch 82 | Train 0.1055 | Val 0.2391 | RMSE 0.4912 | R 0.8435 | CI 0.8805 | R2 0.6124 | R2m 0.6895
Epoch 83 | Train 0.1046 | Val 0.2417 | RMSE 0.4938 | R 0.8423 | CI 0.8812 | R2 0.6214 | R2m 0.6740
Epoch 84 | Train 0.1038 | Val 0.2400 | RMSE 0.4921 | R 0.8425 | CI 0.8834 | R2 0.6133 | R2m 0.6871
Epoch 85 | Train 0.1033 | Val 0.2361 | RMSE 0.4881 | R 0.8457 | CI 0.8846 | R2 0.6310 | R2m 0.6875
Epoch 86 | Train 0.1051 | Val 0.2400 | RMSE 0.4922 | R 0.8429 | CI 0.8837 | R2 0.6047 | R2m 0.6933
Epoch 87 | Train 0.0995 | Val 0.2393 | RMSE 0.4915 | R 0.8429 | CI 0.8831 | R2 0.6114 | R2m 0.6906
Epoch 88 | Train 0.0995 | Val 0.2396 | RMSE 0.4918 | R 0.8433 | CI 0.8829 | R2 0.6170 | R2m 0.6840
Epoch 89 | Train 0.1007 | Val 0.2404 | RMSE 0.4925 | R 0.8425 | CI 0.8823 | R2 0.6228 | R2m 0.6803
Epoch 90 | Train 0.0998 | Val 0.2407 | RMSE 0.4929 | R 0.8431 | CI 0.8823 | R2 0.5992 | R2m 0.6960
Epoch 91 | Train 0.0995 | Val 0.2396 | RMSE 0.4918 | R 0.8436 | CI 0.8851 | R2 0.6335 | R2m 0.6718
Epoch 92 | Train 0.0988 | Val 0.2400 | RMSE 0.4921 | R 0.8444 | CI 0.8843 | R2 0.6207 | R2m 0.6796
Epoch 93 | Train 0.0963 | Val 0.2367 | RMSE 0.4888 | R 0.8453 | CI 0.8849 | R2 0.6301 | R2m 0.6821
Epoch 94 | Train 0.0970 | Val 0.2396 | RMSE 0.4917 | R 0.8441 | CI 0.8835 | R2 0.6166 | R2m 0.6843
⛔ Early stopping triggered at epoch 94

===== Fold: Train_3 =====
Epoch 1 | Train 0.9701 | Val 0.6853 | RMSE 0.8315 | R 0.4679 | CI 0.7236 | R2 -1.5104 | R2m 0.1968
✅ Saved BEST Train_3
Epoch 2 | Train 0.6712 | Val 0.6564 | RMSE 0.8135 | R 0.5209 | CI 0.7633 | R2 -0.7480 | R2m 0.2432
✅ Saved BEST Train_3
Epoch 3 | Train 0.6216 | Val 0.5041 | RMSE 0.7131 | R 0.6037 | CI 0.7950 | R2 -0.3963 | R2m 0.3359
✅ Saved BEST Train_3
Epoch 4 | Train 0.5999 | Val 0.4674 | RMSE 0.6867 | R 0.6309 | CI 0.8023 | R2 -0.6183 | R2m 0.3892
✅ Saved BEST Train_3
Epoch 5 | Train 0.5336 | Val 0.4437 | RMSE 0.6692 | R 0.6670 | CI 0.8223 | R2 -0.4624 | R2m 0.4343
✅ Saved BEST Train_3
Epoch 6 | Train 0.5151 | Val 0.4253 | RMSE 0.6551 | R 0.6749 | CI 0.8204 | R2 -0.1306 | R2m 0.4412
✅ Saved BEST Train_3
Epoch 7 | Train 0.5063 | Val 0.7197 | RMSE 0.8521 | R 0.6602 | CI 0.8238 | R2 0.0272 | R2m 0.3410
Epoch 8 | Train 0.4980 | Val 0.4130 | RMSE 0.6454 | R 0.6932 | CI 0.8190 | R2 -0.2986 | R2m 0.4624
✅ Saved BEST Train_3
Epoch 9 | Train 0.4443 | Val 0.3984 | RMSE 0.6341 | R 0.7061 | CI 0.8303 | R2 0.2509 | R2m 0.4380
Epoch 10 | Train 0.4989 | Val 3.0305 | RMSE 1.7342 | R 0.3455 | CI 0.6101 | R2 -10.1184 | R2m 0.1128
Epoch 11 | Train 0.8499 | Val 0.5416 | RMSE 0.7392 | R 0.5574 | CI 0.7779 | R2 -0.9851 | R2m 0.3041
Epoch 12 | Train 0.6121 | Val 0.5189 | RMSE 0.7234 | R 0.5782 | CI 0.7904 | R2 -1.4437 | R2m 0.3214
Epoch 13 | Train 0.5881 | Val 0.5295 | RMSE 0.7309 | R 0.5998 | CI 0.8022 | R2 -0.3279 | R2m 0.3300
Epoch 14 | Train 0.5789 | Val 0.5154 | RMSE 0.7207 | R 0.5937 | CI 0.7910 | R2 -1.5160 | R2m 0.3266
Epoch 15 | Train 0.5398 | Val 0.4961 | RMSE 0.7075 | R 0.6223 | CI 0.8087 | R2 -0.4169 | R2m 0.3757
Epoch 16 | Train 0.5388 | Val 0.4850 | RMSE 0.6993 | R 0.6297 | CI 0.8080 | R2 -0.7915 | R2m 0.3888
Epoch 17 | Train 0.5283 | Val 0.4999 | RMSE 0.7100 | R 0.6379 | CI 0.8161 | R2 -0.5811 | R2m 0.3992
Epoch 18 | Train 0.5104 | Val 0.4498 | RMSE 0.6733 | R 0.6518 | CI 0.8169 | R2 -0.1375 | R2m 0.3973
Epoch 19 | Train 0.4892 | Val 0.4926 | RMSE 0.7044 | R 0.6755 | CI 0.8263 | R2 -0.3045 | R2m 0.4303
Epoch 20 | Train 0.4707 | Val 0.4204 | RMSE 0.6512 | R 0.6868 | CI 0.8168 | R2 0.0577 | R2m 0.4441
Epoch 21 | Train 0.4398 | Val 0.4010 | RMSE 0.6362 | R 0.7018 | CI 0.8328 | R2 -0.0061 | R2m 0.4776
✅ Saved BEST Train_3
Epoch 22 | Train 0.4297 | Val 0.3827 | RMSE 0.6214 | R 0.7096 | CI 0.8332 | R2 0.0096 | R2m 0.5028
✅ Saved BEST Train_3
Epoch 23 | Train 0.4261 | Val 0.3851 | RMSE 0.6234 | R 0.7117 | CI 0.8341 | R2 -0.0035 | R2m 0.4990
Epoch 24 | Train 0.4158 | Val 0.3741 | RMSE 0.6144 | R 0.7179 | CI 0.8416 | R2 0.0410 | R2m 0.5136
✅ Saved BEST Train_3
Epoch 25 | Train 0.4089 | Val 0.3824 | RMSE 0.6206 | R 0.7171 | CI 0.8355 | R2 0.2531 | R2m 0.4647
Epoch 26 | Train 0.4067 | Val 0.3751 | RMSE 0.6152 | R 0.7242 | CI 0.8301 | R2 -0.2608 | R2m 0.4707
Epoch 27 | Train 0.4236 | Val 0.3565 | RMSE 0.5998 | R 0.7333 | CI 0.8428 | R2 0.1048 | R2m 0.5294
✅ Saved BEST Train_3
Epoch 28 | Train 0.3899 | Val 0.3774 | RMSE 0.6171 | R 0.7343 | CI 0.8394 | R2 0.1640 | R2m 0.5332
✅ Saved BEST Train_3
Epoch 29 | Train 0.3831 | Val 0.3552 | RMSE 0.5986 | R 0.7417 | CI 0.8477 | R2 0.1813 | R2m 0.5380
✅ Saved BEST Train_3
Epoch 30 | Train 0.3777 | Val 0.3530 | RMSE 0.5964 | R 0.7454 | CI 0.8490 | R2 0.3156 | R2m 0.5070
Epoch 31 | Train 0.3682 | Val 0.3388 | RMSE 0.5847 | R 0.7505 | CI 0.8445 | R2 0.2171 | R2m 0.5587
✅ Saved BEST Train_3
Epoch 32 | Train 0.3648 | Val 0.3407 | RMSE 0.5863 | R 0.7525 | CI 0.8518 | R2 0.2406 | R2m 0.5533
✅ Saved BEST Train_3
Epoch 33 | Train 0.3544 | Val 0.3470 | RMSE 0.5917 | R 0.7556 | CI 0.8500 | R2 0.3042 | R2m 0.5520
Epoch 34 | Train 0.3543 | Val 0.3332 | RMSE 0.5798 | R 0.7582 | CI 0.8553 | R2 0.2887 | R2m 0.5681
✅ Saved BEST Train_3
Epoch 35 | Train 0.3480 | Val 0.3445 | RMSE 0.5896 | R 0.7575 | CI 0.8555 | R2 0.3704 | R2m 0.5314
Epoch 36 | Train 0.3397 | Val 0.3262 | RMSE 0.5737 | R 0.7609 | CI 0.8486 | R2 0.3142 | R2m 0.5607
Epoch 37 | Train 0.3366 | Val 0.3457 | RMSE 0.5905 | R 0.7621 | CI 0.8564 | R2 0.2404 | R2m 0.5634
Epoch 38 | Train 0.3301 | Val 0.3228 | RMSE 0.5708 | R 0.7626 | CI 0.8531 | R2 0.3146 | R2m 0.5688
Epoch 39 | Train 0.3271 | Val 0.3128 | RMSE 0.5618 | R 0.7723 | CI 0.8587 | R2 0.3962 | R2m 0.5651
✅ Saved BEST Train_3
Epoch 40 | Train 0.3237 | Val 0.3195 | RMSE 0.5678 | R 0.7691 | CI 0.8577 | R2 0.4209 | R2m 0.5417
Epoch 41 | Train 0.3254 | Val 0.3115 | RMSE 0.5606 | R 0.7733 | CI 0.8586 | R2 0.3982 | R2m 0.5677
✅ Saved BEST Train_3
Epoch 42 | Train 0.3139 | Val 0.3210 | RMSE 0.5692 | R 0.7675 | CI 0.8565 | R2 0.3656 | R2m 0.5569
Epoch 43 | Train 0.3113 | Val 0.3242 | RMSE 0.5719 | R 0.7628 | CI 0.8517 | R2 0.3623 | R2m 0.5510
Epoch 44 | Train 0.3133 | Val 0.3491 | RMSE 0.5935 | R 0.7728 | CI 0.8604 | R2 0.4685 | R2m 0.5162
Epoch 45 | Train 0.3070 | Val 0.3233 | RMSE 0.5711 | R 0.7773 | CI 0.8619 | R2 0.4761 | R2m 0.5367
Epoch 46 | Train 0.3017 | Val 0.3092 | RMSE 0.5585 | R 0.7787 | CI 0.8586 | R2 0.4482 | R2m 0.5536
Epoch 47 | Train 0.2987 | Val 0.3103 | RMSE 0.5595 | R 0.7772 | CI 0.8606 | R2 0.4480 | R2m 0.5562
Epoch 48 | Train 0.2796 | Val 0.3008 | RMSE 0.5510 | R 0.7886 | CI 0.8670 | R2 0.4765 | R2m 0.5782
✅ Saved BEST Train_3
Epoch 49 | Train 0.2744 | Val 0.3042 | RMSE 0.5540 | R 0.7785 | CI 0.8483 | R2 0.3182 | R2m 0.5930
Epoch 50 | Train 0.2911 | Val 0.2987 | RMSE 0.5489 | R 0.7899 | CI 0.8665 | R2 0.5113 | R2m 0.5515
Epoch 51 | Train 0.2760 | Val 0.2957 | RMSE 0.5462 | R 0.7911 | CI 0.8672 | R2 0.4904 | R2m 0.5785
✅ Saved BEST Train_3
Epoch 52 | Train 0.2677 | Val 0.2895 | RMSE 0.5405 | R 0.7925 | CI 0.8675 | R2 0.4709 | R2m 0.5901
✅ Saved BEST Train_3
Epoch 53 | Train 0.2640 | Val 0.2915 | RMSE 0.5424 | R 0.7927 | CI 0.8635 | R2 0.5048 | R2m 0.5714
Epoch 54 | Train 0.2608 | Val 0.2888 | RMSE 0.5398 | R 0.7917 | CI 0.8679 | R2 0.4527 | R2m 0.6029
✅ Saved BEST Train_3
Epoch 55 | Train 0.2615 | Val 0.2898 | RMSE 0.5407 | R 0.7933 | CI 0.8697 | R2 0.4984 | R2m 0.5794
Epoch 56 | Train 0.2569 | Val 0.2936 | RMSE 0.5443 | R 0.7885 | CI 0.8614 | R2 0.4156 | R2m 0.6045
Epoch 57 | Train 0.2561 | Val 0.2842 | RMSE 0.5354 | R 0.7955 | CI 0.8710 | R2 0.4496 | R2m 0.6140
✅ Saved BEST Train_3
Epoch 58 | Train 0.2540 | Val 0.2990 | RMSE 0.5493 | R 0.7950 | CI 0.8719 | R2 0.4974 | R2m 0.5846
Epoch 59 | Train 0.2544 | Val 0.2874 | RMSE 0.5385 | R 0.7960 | CI 0.8680 | R2 0.4675 | R2m 0.5982
Epoch 60 | Train 0.2502 | Val 0.2863 | RMSE 0.5375 | R 0.7945 | CI 0.8657 | R2 0.4475 | R2m 0.6092
Epoch 61 | Train 0.2490 | Val 0.2810 | RMSE 0.5325 | R 0.7992 | CI 0.8726 | R2 0.4923 | R2m 0.6071
Epoch 62 | Train 0.2468 | Val 0.2855 | RMSE 0.5367 | R 0.7996 | CI 0.8654 | R2 0.5238 | R2m 0.5860
Epoch 63 | Train 0.2445 | Val 0.2828 | RMSE 0.5342 | R 0.7983 | CI 0.8735 | R2 0.4843 | R2m 0.6094
Epoch 64 | Train 0.2302 | Val 0.2802 | RMSE 0.5317 | R 0.8010 | CI 0.8714 | R2 0.4720 | R2m 0.6146
✅ Saved BEST Train_3
Epoch 65 | Train 0.2329 | Val 0.2764 | RMSE 0.5281 | R 0.8016 | CI 0.8751 | R2 0.4866 | R2m 0.6182
✅ Saved BEST Train_3
Epoch 66 | Train 0.2262 | Val 0.2764 | RMSE 0.5281 | R 0.8033 | CI 0.8729 | R2 0.5179 | R2m 0.6008
Epoch 67 | Train 0.2261 | Val 0.2724 | RMSE 0.5242 | R 0.8051 | CI 0.8694 | R2 0.5031 | R2m 0.6214
Epoch 68 | Train 0.2260 | Val 0.2758 | RMSE 0.5275 | R 0.8048 | CI 0.8729 | R2 0.5360 | R2m 0.5932
Epoch 69 | Train 0.2257 | Val 0.2727 | RMSE 0.5245 | R 0.8067 | CI 0.8750 | R2 0.5368 | R2m 0.6012
Epoch 70 | Train 0.2268 | Val 0.2728 | RMSE 0.5246 | R 0.8054 | CI 0.8733 | R2 0.5067 | R2m 0.6153
Epoch 71 | Train 0.2225 | Val 0.2822 | RMSE 0.5336 | R 0.8047 | CI 0.8761 | R2 0.5244 | R2m 0.6038
Epoch 72 | Train 0.2996 | Val 0.2745 | RMSE 0.5263 | R 0.8064 | CI 0.8743 | R2 0.5061 | R2m 0.6256
✅ Saved BEST Train_3
Epoch 73 | Train 0.2378 | Val 0.2773 | RMSE 0.5289 | R 0.8025 | CI 0.8684 | R2 0.5173 | R2m 0.6005
Epoch 74 | Train 0.2181 | Val 0.2751 | RMSE 0.5269 | R 0.8053 | CI 0.8732 | R2 0.5282 | R2m 0.6050
Epoch 75 | Train 0.2164 | Val 0.2714 | RMSE 0.5232 | R 0.8066 | CI 0.8740 | R2 0.5129 | R2m 0.6160
Epoch 76 | Train 0.2141 | Val 0.2719 | RMSE 0.5237 | R 0.8077 | CI 0.8754 | R2 0.5343 | R2m 0.6098
Epoch 77 | Train 0.2136 | Val 0.2692 | RMSE 0.5212 | R 0.8089 | CI 0.8764 | R2 0.5359 | R2m 0.6102
Epoch 78 | Train 0.2113 | Val 0.2714 | RMSE 0.5233 | R 0.8090 | CI 0.8760 | R2 0.5548 | R2m 0.5953
Epoch 79 | Train 0.2097 | Val 0.2697 | RMSE 0.5217 | R 0.8089 | CI 0.8769 | R2 0.5372 | R2m 0.6120
Epoch 80 | Train 0.2110 | Val 0.2697 | RMSE 0.5216 | R 0.8089 | CI 0.8768 | R2 0.5323 | R2m 0.6163
Epoch 81 | Train 0.2104 | Val 0.2681 | RMSE 0.5201 | R 0.8090 | CI 0.8769 | R2 0.5258 | R2m 0.6188
Epoch 82 | Train 0.2089 | Val 0.2711 | RMSE 0.5230 | R 0.8095 | CI 0.8775 | R2 0.5469 | R2m 0.6067
Epoch 83 | Train 0.2064 | Val 0.2683 | RMSE 0.5203 | R 0.8097 | CI 0.8773 | R2 0.5394 | R2m 0.6121
Epoch 84 | Train 0.2079 | Val 0.2682 | RMSE 0.5202 | R 0.8096 | CI 0.8771 | R2 0.5361 | R2m 0.6150
Epoch 85 | Train 0.2053 | Val 0.2679 | RMSE 0.5199 | R 0.8098 | CI 0.8770 | R2 0.5362 | R2m 0.6158
Epoch 86 | Train 0.2074 | Val 0.2676 | RMSE 0.5196 | R 0.8097 | CI 0.8767 | R2 0.5324 | R2m 0.6176
Epoch 87 | Train 0.2052 | Val 0.2676 | RMSE 0.5196 | R 0.8101 | CI 0.8774 | R2 0.5397 | R2m 0.6130
Epoch 88 | Train 0.2067 | Val 0.2673 | RMSE 0.5193 | R 0.8102 | CI 0.8774 | R2 0.5374 | R2m 0.6160
Epoch 89 | Train 0.2053 | Val 0.2680 | RMSE 0.5200 | R 0.8099 | CI 0.8774 | R2 0.5402 | R2m 0.6107
Epoch 90 | Train 0.2060 | Val 0.2676 | RMSE 0.5196 | R 0.8101 | CI 0.8773 | R2 0.5388 | R2m 0.6142
Epoch 91 | Train 0.2048 | Val 0.2678 | RMSE 0.5198 | R 0.8102 | CI 0.8775 | R2 0.5401 | R2m 0.6141
Epoch 92 | Train 0.2047 | Val 0.2675 | RMSE 0.5195 | R 0.8101 | CI 0.8771 | R2 0.5397 | R2m 0.6130
⛔ Early stopping triggered at epoch 92

===== Fold: Train_4 =====
Epoch 1 | Train 0.9949 | Val 0.7582 | RMSE 0.8743 | R 0.5412 | CI 0.7735 | R2 -2.0438 | R2m 0.2855
✅ Saved BEST Train_4
Epoch 2 | Train 0.6688 | Val 0.6759 | RMSE 0.8257 | R 0.5923 | CI 0.7852 | R2 -2.1843 | R2m 0.3355
✅ Saved BEST Train_4
Epoch 3 | Train 0.6161 | Val 0.5098 | RMSE 0.7172 | R 0.6254 | CI 0.8075 | R2 -0.3695 | R2m 0.3775
✅ Saved BEST Train_4
Epoch 4 | Train 0.5849 | Val 0.5492 | RMSE 0.7433 | R 0.6353 | CI 0.8165 | R2 -0.4679 | R2m 0.3813
✅ Saved BEST Train_4
Epoch 5 | Train 0.5689 | Val 0.4862 | RMSE 0.7004 | R 0.6480 | CI 0.8157 | R2 -0.5012 | R2m 0.4124
✅ Saved BEST Train_4
Epoch 6 | Train 0.5298 | Val 0.5361 | RMSE 0.7351 | R 0.6808 | CI 0.8256 | R2 -0.5015 | R2m 0.4587
✅ Saved BEST Train_4
Epoch 7 | Train 0.4994 | Val 0.4309 | RMSE 0.6594 | R 0.6970 | CI 0.8300 | R2 -0.0194 | R2m 0.4814
✅ Saved BEST Train_4
Epoch 8 | Train 0.4804 | Val 0.4216 | RMSE 0.6520 | R 0.7241 | CI 0.8326 | R2 -0.0333 | R2m 0.5220
✅ Saved BEST Train_4
Epoch 9 | Train 0.4632 | Val 0.5241 | RMSE 0.7269 | R 0.7026 | CI 0.8328 | R2 0.0671 | R2m 0.4573
Epoch 10 | Train 0.4391 | Val 0.3915 | RMSE 0.6281 | R 0.7501 | CI 0.8488 | R2 0.2016 | R2m 0.5391
✅ Saved BEST Train_4
Epoch 11 | Train 0.4262 | Val 0.3868 | RMSE 0.6243 | R 0.7578 | CI 0.8538 | R2 0.3270 | R2m 0.5151
Epoch 12 | Train 0.4173 | Val 0.3928 | RMSE 0.6293 | R 0.7496 | CI 0.8356 | R2 0.1890 | R2m 0.5559
✅ Saved BEST Train_4
Epoch 13 | Train 0.3966 | Val 0.3729 | RMSE 0.6134 | R 0.7437 | CI 0.8305 | R2 0.2071 | R2m 0.5479
Epoch 14 | Train 0.3882 | Val 0.3653 | RMSE 0.6071 | R 0.7540 | CI 0.8562 | R2 0.3557 | R2m 0.5230
Epoch 15 | Train 0.3837 | Val 0.3418 | RMSE 0.5873 | R 0.7709 | CI 0.8572 | R2 0.3116 | R2m 0.5894
✅ Saved BEST Train_4
Epoch 16 | Train 0.3655 | Val 0.3588 | RMSE 0.6016 | R 0.7725 | CI 0.8641 | R2 0.4203 | R2m 0.5520
Epoch 17 | Train 0.3544 | Val 0.4630 | RMSE 0.6836 | R 0.7522 | CI 0.8294 | R2 -0.4589 | R2m 0.5061
Epoch 18 | Train 0.3482 | Val 0.4728 | RMSE 0.6904 | R 0.7789 | CI 0.8643 | R2 0.4054 | R2m 0.5145
Epoch 19 | Train 0.3399 | Val 0.3615 | RMSE 0.6040 | R 0.7866 | CI 0.8597 | R2 0.4119 | R2m 0.5901
✅ Saved BEST Train_4
Epoch 20 | Train 0.3318 | Val 0.4689 | RMSE 0.6870 | R 0.6738 | CI 0.7681 | R2 -0.3412 | R2m 0.4480
Epoch 21 | Train 0.4331 | Val 0.3584 | RMSE 0.6013 | R 0.7595 | CI 0.8566 | R2 0.1040 | R2m 0.5325
Epoch 22 | Train 0.3420 | Val 0.3289 | RMSE 0.5760 | R 0.7895 | CI 0.8648 | R2 0.4872 | R2m 0.5531
Epoch 23 | Train 0.3244 | Val 0.3133 | RMSE 0.5623 | R 0.7921 | CI 0.8670 | R2 0.4767 | R2m 0.5877
✅ Saved BEST Train_4
Epoch 24 | Train 0.3086 | Val 0.2944 | RMSE 0.5450 | R 0.8049 | CI 0.8635 | R2 0.4099 | R2m 0.6254
✅ Saved BEST Train_4
Epoch 25 | Train 0.3000 | Val 0.3223 | RMSE 0.5704 | R 0.7872 | CI 0.8638 | R2 0.3076 | R2m 0.5984
Epoch 26 | Train 0.3026 | Val 0.2978 | RMSE 0.5482 | R 0.8057 | CI 0.8726 | R2 0.4669 | R2m 0.6319
✅ Saved BEST Train_4
Epoch 27 | Train 0.2977 | Val 0.3297 | RMSE 0.5766 | R 0.8011 | CI 0.8700 | R2 0.5215 | R2m 0.5816
Epoch 28 | Train 0.2880 | Val 0.3001 | RMSE 0.5502 | R 0.8084 | CI 0.8701 | R2 0.4627 | R2m 0.6494
✅ Saved BEST Train_4
Epoch 29 | Train 0.2858 | Val 0.2983 | RMSE 0.5485 | R 0.8074 | CI 0.8722 | R2 0.5059 | R2m 0.6291
Epoch 30 | Train 0.2688 | Val 0.3045 | RMSE 0.5536 | R 0.7991 | CI 0.8664 | R2 0.4468 | R2m 0.6346
Epoch 31 | Train 0.2673 | Val 0.2884 | RMSE 0.5395 | R 0.8221 | CI 0.8754 | R2 0.4607 | R2m 0.6751
✅ Saved BEST Train_4
Epoch 32 | Train 0.2528 | Val 0.3403 | RMSE 0.5855 | R 0.8216 | CI 0.8751 | R2 0.4948 | R2m 0.5825
Epoch 33 | Train 0.2540 | Val 0.3721 | RMSE 0.6125 | R 0.8216 | CI 0.8814 | R2 0.5169 | R2m 0.6051
Epoch 34 | Train 0.2961 | Val 0.5851 | RMSE 0.7648 | R 0.7329 | CI 0.7749 | R2 -0.7013 | R2m 0.4600
Epoch 35 | Train 0.4349 | Val 0.3438 | RMSE 0.5887 | R 0.8018 | CI 0.8704 | R2 0.3219 | R2m 0.6362
Epoch 36 | Train 0.2866 | Val 0.3232 | RMSE 0.5705 | R 0.8094 | CI 0.8731 | R2 0.4571 | R2m 0.6499
Epoch 37 | Train 0.2601 | Val 0.3281 | RMSE 0.5746 | R 0.8156 | CI 0.8770 | R2 0.3921 | R2m 0.6488
Epoch 38 | Train 0.2194 | Val 0.2640 | RMSE 0.5161 | R 0.8302 | CI 0.8754 | R2 0.5041 | R2m 0.6718
Epoch 39 | Train 0.2052 | Val 0.2620 | RMSE 0.5141 | R 0.8314 | CI 0.8834 | R2 0.6042 | R2m 0.6384
Epoch 40 | Train 0.2016 | Val 0.2657 | RMSE 0.5178 | R 0.8266 | CI 0.8763 | R2 0.5684 | R2m 0.6539
Epoch 41 | Train 0.2007 | Val 0.2595 | RMSE 0.5117 | R 0.8325 | CI 0.8839 | R2 0.5781 | R2m 0.6647
Epoch 42 | Train 0.1900 | Val 0.2583 | RMSE 0.5100 | R 0.8314 | CI 0.8745 | R2 0.5378 | R2m 0.6791
✅ Saved BEST Train_4
Epoch 43 | Train 0.1931 | Val 0.2687 | RMSE 0.5207 | R 0.8313 | CI 0.8826 | R2 0.5719 | R2m 0.6489
Epoch 44 | Train 0.1858 | Val 0.2586 | RMSE 0.5109 | R 0.8329 | CI 0.8838 | R2 0.6080 | R2m 0.6448
Epoch 45 | Train 0.1932 | Val 0.3652 | RMSE 0.6056 | R 0.8010 | CI 0.8390 | R2 0.0192 | R2m 0.5268
Epoch 46 | Train 0.2917 | Val 0.2664 | RMSE 0.5184 | R 0.8292 | CI 0.8810 | R2 0.5809 | R2m 0.6443
Epoch 47 | Train 0.1939 | Val 0.2740 | RMSE 0.5258 | R 0.8266 | CI 0.8834 | R2 0.6150 | R2m 0.6007
Epoch 48 | Train 0.1922 | Val 0.2618 | RMSE 0.5140 | R 0.8295 | CI 0.8793 | R2 0.5052 | R2m 0.6652
Epoch 49 | Train 0.1744 | Val 0.2498 | RMSE 0.5020 | R 0.8398 | CI 0.8837 | R2 0.5918 | R2m 0.6992
✅ Saved BEST Train_4
Epoch 50 | Train 0.1571 | Val 0.2427 | RMSE 0.4949 | R 0.8436 | CI 0.8876 | R2 0.6380 | R2m 0.6671
Epoch 51 | Train 0.1546 | Val 0.2488 | RMSE 0.5011 | R 0.8441 | CI 0.8898 | R2 0.6394 | R2m 0.6469
Epoch 52 | Train 0.1530 | Val 0.2388 | RMSE 0.4909 | R 0.8464 | CI 0.8886 | R2 0.6216 | R2m 0.6904
Epoch 53 | Train 0.1493 | Val 0.2435 | RMSE 0.4957 | R 0.8420 | CI 0.8824 | R2 0.6172 | R2m 0.6820
Epoch 54 | Train 0.1472 | Val 0.2445 | RMSE 0.4968 | R 0.8439 | CI 0.8838 | R2 0.6467 | R2m 0.6518
Epoch 55 | Train 0.1488 | Val 0.2486 | RMSE 0.5008 | R 0.8436 | CI 0.8841 | R2 0.6502 | R2m 0.6374
Epoch 56 | Train 0.1382 | Val 0.2449 | RMSE 0.4972 | R 0.8466 | CI 0.8886 | R2 0.6629 | R2m 0.6501
Epoch 57 | Train 0.1340 | Val 0.2387 | RMSE 0.4908 | R 0.8481 | CI 0.8888 | R2 0.6548 | R2m 0.6714
Epoch 58 | Train 0.1333 | Val 0.2385 | RMSE 0.4906 | R 0.8506 | CI 0.8898 | R2 0.6808 | R2m 0.6439
Epoch 59 | Train 0.1303 | Val 0.2396 | RMSE 0.4918 | R 0.8455 | CI 0.8870 | R2 0.6402 | R2m 0.6735
Epoch 60 | Train 0.2755 | Val 0.2525 | RMSE 0.5046 | R 0.8425 | CI 0.8732 | R2 0.5697 | R2m 0.6937
Epoch 61 | Train 0.2040 | Val 0.2404 | RMSE 0.4925 | R 0.8455 | CI 0.8901 | R2 0.6333 | R2m 0.6849
Epoch 62 | Train 0.1399 | Val 0.2375 | RMSE 0.4896 | R 0.8468 | CI 0.8911 | R2 0.6334 | R2m 0.6841
Epoch 63 | Train 0.1363 | Val 0.2376 | RMSE 0.4897 | R 0.8468 | CI 0.8902 | R2 0.6399 | R2m 0.6825
Epoch 64 | Train 0.1317 | Val 0.2366 | RMSE 0.4887 | R 0.8478 | CI 0.8913 | R2 0.6489 | R2m 0.6747
Epoch 65 | Train 0.1318 | Val 0.2377 | RMSE 0.4898 | R 0.8476 | CI 0.8910 | R2 0.6528 | R2m 0.6704
Epoch 66 | Train 0.1324 | Val 0.2369 | RMSE 0.4889 | R 0.8473 | CI 0.8905 | R2 0.6385 | R2m 0.6817
Epoch 67 | Train 0.1298 | Val 0.2363 | RMSE 0.4883 | R 0.8479 | CI 0.8907 | R2 0.6461 | R2m 0.6771
Epoch 68 | Train 0.1274 | Val 0.2359 | RMSE 0.4880 | R 0.8485 | CI 0.8900 | R2 0.6489 | R2m 0.6810
Epoch 69 | Train 0.1273 | Val 0.2353 | RMSE 0.4873 | R 0.8488 | CI 0.8902 | R2 0.6515 | R2m 0.6780
⛔ Early stopping triggered at epoch 69

===== Fold: Train_5 =====
Epoch 1 | Train 1.1021 | Val 0.6169 | RMSE 0.7888 | R 0.5239 | CI 0.7726 | R2 -2.7118 | R2m 0.2695
✅ Saved BEST Train_5
Epoch 2 | Train 0.6889 | Val 0.5057 | RMSE 0.7141 | R 0.5744 | CI 0.7869 | R2 -0.9791 | R2m 0.3292
✅ Saved BEST Train_5
Epoch 3 | Train 0.6379 | Val 0.4793 | RMSE 0.6953 | R 0.6006 | CI 0.7999 | R2 -0.5200 | R2m 0.3472
✅ Saved BEST Train_5
Epoch 4 | Train 0.6134 | Val 0.4965 | RMSE 0.7070 | R 0.5941 | CI 0.7973 | R2 -0.4064 | R2m 0.3211
Epoch 5 | Train 0.5895 | Val 0.6455 | RMSE 0.8065 | R 0.6193 | CI 0.8178 | R2 -2.1519 | R2m 0.3674
✅ Saved BEST Train_5
Epoch 6 | Train 0.5823 | Val 0.4413 | RMSE 0.6672 | R 0.6358 | CI 0.8235 | R2 -0.3692 | R2m 0.3957
✅ Saved BEST Train_5
Epoch 7 | Train 0.5722 | Val 0.4621 | RMSE 0.6829 | R 0.6194 | CI 0.8111 | R2 -0.5841 | R2m 0.3836
Epoch 8 | Train 0.5517 | Val 0.5094 | RMSE 0.7163 | R 0.6312 | CI 0.8146 | R2 -0.4282 | R2m 0.3869
Epoch 9 | Train 0.5539 | Val 0.4925 | RMSE 0.7045 | R 0.6462 | CI 0.8262 | R2 -0.1407 | R2m 0.3849
Epoch 10 | Train 0.5349 | Val 0.4489 | RMSE 0.6731 | R 0.6462 | CI 0.8022 | R2 -0.9857 | R2m 0.3865
Epoch 11 | Train 0.5034 | Val 0.4293 | RMSE 0.6581 | R 0.6657 | CI 0.8154 | R2 -0.7442 | R2m 0.4112
✅ Saved BEST Train_5
Epoch 12 | Train 0.4727 | Val 0.3991 | RMSE 0.6344 | R 0.6852 | CI 0.8196 | R2 0.1079 | R2m 0.4273
✅ Saved BEST Train_5
Epoch 13 | Train 0.4610 | Val 0.3695 | RMSE 0.6102 | R 0.7113 | CI 0.8195 | R2 -0.0174 | R2m 0.4965
✅ Saved BEST Train_5
Epoch 14 | Train 0.4466 | Val 0.3620 | RMSE 0.6042 | R 0.7193 | CI 0.8244 | R2 -0.1012 | R2m 0.4932
✅ Saved BEST Train_5
Epoch 15 | Train 0.4270 | Val 0.3501 | RMSE 0.5942 | R 0.7263 | CI 0.8413 | R2 0.1552 | R2m 0.5156
✅ Saved BEST Train_5
Epoch 16 | Train 0.4171 | Val 0.3471 | RMSE 0.5916 | R 0.7336 | CI 0.8335 | R2 0.2367 | R2m 0.5149
Epoch 17 | Train 0.4035 | Val 0.3252 | RMSE 0.5723 | R 0.7502 | CI 0.8459 | R2 0.2669 | R2m 0.5514
✅ Saved BEST Train_5
Epoch 18 | Train 0.4000 | Val 0.3547 | RMSE 0.5979 | R 0.7361 | CI 0.8424 | R2 0.3352 | R2m 0.4859
Epoch 19 | Train 0.4009 | Val 0.3590 | RMSE 0.6008 | R 0.7414 | CI 0.8415 | R2 -0.0697 | R2m 0.5002
Epoch 20 | Train 0.3746 | Val 0.3401 | RMSE 0.5858 | R 0.7411 | CI 0.8419 | R2 0.2056 | R2m 0.5442
Epoch 21 | Train 0.3629 | Val 0.3145 | RMSE 0.5630 | R 0.7598 | CI 0.8434 | R2 0.2845 | R2m 0.5675
✅ Saved BEST Train_5
Epoch 22 | Train 0.3560 | Val 0.3509 | RMSE 0.5946 | R 0.7592 | CI 0.8485 | R2 0.2623 | R2m 0.5673
✅ Saved BEST Train_5
Epoch 23 | Train 0.3486 | Val 0.3175 | RMSE 0.5659 | R 0.7698 | CI 0.8594 | R2 0.3350 | R2m 0.5592
✅ Saved BEST Train_5
Epoch 24 | Train 0.3405 | Val 0.2966 | RMSE 0.5467 | R 0.7752 | CI 0.8540 | R2 0.3898 | R2m 0.5791
✅ Saved BEST Train_5
Epoch 25 | Train 0.3268 | Val 0.3106 | RMSE 0.5597 | R 0.7689 | CI 0.8501 | R2 0.3522 | R2m 0.5602
Epoch 26 | Train 0.3274 | Val 0.3420 | RMSE 0.5868 | R 0.7742 | CI 0.8596 | R2 0.4424 | R2m 0.5304
Epoch 27 | Train 0.3150 | Val 0.3120 | RMSE 0.5608 | R 0.7786 | CI 0.8537 | R2 0.3741 | R2m 0.5921
✅ Saved BEST Train_5
Epoch 28 | Train 0.3032 | Val 0.3194 | RMSE 0.5667 | R 0.7756 | CI 0.8578 | R2 0.3445 | R2m 0.5932
✅ Saved BEST Train_5
Epoch 29 | Train 0.2952 | Val 0.2953 | RMSE 0.5452 | R 0.7872 | CI 0.8641 | R2 0.2973 | R2m 0.5857
Epoch 30 | Train 0.2911 | Val 0.2992 | RMSE 0.5493 | R 0.7828 | CI 0.8560 | R2 0.3623 | R2m 0.5925
Epoch 31 | Train 0.2884 | Val 0.3487 | RMSE 0.5928 | R 0.7912 | CI 0.8582 | R2 0.4468 | R2m 0.5627
Epoch 32 | Train 0.2687 | Val 0.2835 | RMSE 0.5347 | R 0.7904 | CI 0.8563 | R2 0.4635 | R2m 0.5805
Epoch 33 | Train 0.2664 | Val 0.2823 | RMSE 0.5336 | R 0.7946 | CI 0.8601 | R2 0.4345 | R2m 0.6023
✅ Saved BEST Train_5
Epoch 34 | Train 0.2647 | Val 0.2758 | RMSE 0.5271 | R 0.7992 | CI 0.8693 | R2 0.4942 | R2m 0.6052
✅ Saved BEST Train_5
Epoch 35 | Train 0.2712 | Val 0.2784 | RMSE 0.5299 | R 0.7983 | CI 0.8721 | R2 0.5490 | R2m 0.5541
Epoch 36 | Train 0.2540 | Val 0.2806 | RMSE 0.5320 | R 0.7987 | CI 0.8748 | R2 0.5360 | R2m 0.5709
Epoch 37 | Train 0.2392 | Val 0.2837 | RMSE 0.5344 | R 0.8050 | CI 0.8657 | R2 0.5566 | R2m 0.5709
Epoch 38 | Train 0.2317 | Val 0.2605 | RMSE 0.5119 | R 0.8184 | CI 0.8738 | R2 0.5135 | R2m 0.6602
✅ Saved BEST Train_5
Epoch 39 | Train 0.2329 | Val 0.2725 | RMSE 0.5244 | R 0.7966 | CI 0.8631 | R2 0.4762 | R2m 0.6015
Epoch 40 | Train 0.2271 | Val 0.2772 | RMSE 0.5287 | R 0.8175 | CI 0.8792 | R2 0.5904 | R2m 0.5802
Epoch 41 | Train 0.2163 | Val 0.2727 | RMSE 0.5244 | R 0.8044 | CI 0.8585 | R2 0.5141 | R2m 0.6092
Epoch 42 | Train 0.2157 | Val 0.2569 | RMSE 0.5086 | R 0.8194 | CI 0.8744 | R2 0.5682 | R2m 0.6245
Epoch 43 | Train 0.2074 | Val 0.2566 | RMSE 0.5089 | R 0.8082 | CI 0.8630 | R2 0.4556 | R2m 0.6461
Epoch 44 | Train 0.2039 | Val 0.2552 | RMSE 0.5073 | R 0.8200 | CI 0.8690 | R2 0.5065 | R2m 0.6465
Epoch 45 | Train 0.1676 | Val 0.2436 | RMSE 0.4957 | R 0.8262 | CI 0.8807 | R2 0.5772 | R2m 0.6280
Epoch 46 | Train 0.1643 | Val 0.2232 | RMSE 0.4742 | R 0.8362 | CI 0.8842 | R2 0.5830 | R2m 0.6899
✅ Saved BEST Train_5
Epoch 47 | Train 0.1579 | Val 0.2249 | RMSE 0.4761 | R 0.8355 | CI 0.8834 | R2 0.5833 | R2m 0.6872
Epoch 48 | Train 0.1555 | Val 0.2252 | RMSE 0.4767 | R 0.8349 | CI 0.8817 | R2 0.5728 | R2m 0.6855
Epoch 49 | Train 0.1515 | Val 0.2250 | RMSE 0.4761 | R 0.8346 | CI 0.8807 | R2 0.5673 | R2m 0.6957
✅ Saved BEST Train_5
Epoch 50 | Train 0.2039 | Val 0.2604 | RMSE 0.5124 | R 0.8200 | CI 0.8633 | R2 0.5046 | R2m 0.6704
Epoch 51 | Train 0.2328 | Val 0.2374 | RMSE 0.4892 | R 0.8280 | CI 0.8818 | R2 0.6099 | R2m 0.6225
Epoch 52 | Train 0.1597 | Val 0.2313 | RMSE 0.4827 | R 0.8333 | CI 0.8846 | R2 0.6261 | R2m 0.6279
Epoch 53 | Train 0.1504 | Val 0.2274 | RMSE 0.4790 | R 0.8357 | CI 0.8813 | R2 0.5397 | R2m 0.6913
Epoch 54 | Train 0.1421 | Val 0.2211 | RMSE 0.4723 | R 0.8387 | CI 0.8851 | R2 0.5989 | R2m 0.6786
Epoch 55 | Train 0.1395 | Val 0.2308 | RMSE 0.4819 | R 0.8378 | CI 0.8868 | R2 0.6519 | R2m 0.6091
Epoch 56 | Train 0.1290 | Val 0.2264 | RMSE 0.4779 | R 0.8411 | CI 0.8881 | R2 0.6294 | R2m 0.6400
Epoch 57 | Train 0.1251 | Val 0.2176 | RMSE 0.4684 | R 0.8439 | CI 0.8885 | R2 0.6343 | R2m 0.6746
Epoch 58 | Train 0.1264 | Val 0.2180 | RMSE 0.4688 | R 0.8430 | CI 0.8879 | R2 0.6470 | R2m 0.6523
Epoch 59 | Train 0.1243 | Val 0.2168 | RMSE 0.4676 | R 0.8433 | CI 0.8902 | R2 0.6416 | R2m 0.6622
Epoch 60 | Train 0.1237 | Val 0.2199 | RMSE 0.4707 | R 0.8424 | CI 0.8898 | R2 0.6505 | R2m 0.6453
Epoch 61 | Train 0.1204 | Val 0.2171 | RMSE 0.4676 | R 0.8430 | CI 0.8871 | R2 0.6401 | R2m 0.6621
Epoch 62 | Train 0.1133 | Val 0.2144 | RMSE 0.4649 | R 0.8462 | CI 0.8909 | R2 0.6526 | R2m 0.6553
Epoch 63 | Train 0.1139 | Val 0.2150 | RMSE 0.4655 | R 0.8458 | CI 0.8914 | R2 0.6559 | R2m 0.6514
Epoch 64 | Train 0.1146 | Val 0.2143 | RMSE 0.4649 | R 0.8466 | CI 0.8885 | R2 0.6385 | R2m 0.6681
Epoch 65 | Train 0.1133 | Val 0.2135 | RMSE 0.4640 | R 0.8467 | CI 0.8889 | R2 0.6593 | R2m 0.6541
Epoch 66 | Train 0.1112 | Val 0.2188 | RMSE 0.4696 | R 0.8449 | CI 0.8902 | R2 0.6643 | R2m 0.6324
Epoch 67 | Train 0.1132 | Val 0.2129 | RMSE 0.4633 | R 0.8451 | CI 0.8847 | R2 0.6288 | R2m 0.6870
Epoch 68 | Train 0.1081 | Val 0.2136 | RMSE 0.4641 | R 0.8467 | CI 0.8901 | R2 0.6532 | R2m 0.6570
Epoch 69 | Train 0.1069 | Val 0.2153 | RMSE 0.4659 | R 0.8466 | CI 0.8897 | R2 0.6577 | R2m 0.6476
⛔ Early stopping triggered at epoch 69
